Archive member included because of file (symbol)

/usr/lib/gcc/avr/4.7.0/avr6/libgcc.a(_udivmodhi4.o)
                              ./dev/src/hal/gyro.o (__udivmodhi4)
/usr/lib/gcc/avr/4.7.0/avr6/libgcc.a(_exit.o)
                              /usr/lib/gcc/avr/4.7.0/../../../avr/lib/avr6/crtm2560.o (exit)
/usr/lib/gcc/avr/4.7.0/avr6/libgcc.a(_tablejump.o)
                              ./dev/src/hal/pwm.o (__tablejump2__)
/usr/lib/gcc/avr/4.7.0/avr6/libgcc.a(_copy_data.o)
                              ./dev/src/quad/main.o (__do_copy_data)
/usr/lib/gcc/avr/4.7.0/avr6/libgcc.a(_clear_bss.o)
                              ./dev/src/quad/main.o (__do_clear_bss)
/usr/lib/gcc/avr/4.7.0/avr6/libgcc.a(_addsub_sf.o)
                              ./dev/src/hal/kalman.o (__addsf3)
/usr/lib/gcc/avr/4.7.0/avr6/libgcc.a(_mul_sf.o)
                              ./dev/src/hal/kalman.o (__mulsf3)
/usr/lib/gcc/avr/4.7.0/avr6/libgcc.a(_div_sf.o)
                              ./dev/src/hal/kalman.o (__divsf3)
/usr/lib/gcc/avr/4.7.0/avr6/libgcc.a(_thenan_sf.o)
                              /usr/lib/gcc/avr/4.7.0/avr6/libgcc.a(_addsub_sf.o) (__thenan_sf)
/usr/lib/gcc/avr/4.7.0/avr6/libgcc.a(_prologue.o)
                              /usr/lib/gcc/avr/4.7.0/avr6/libgcc.a(_addsub_sf.o) (__prologue_saves__)
/usr/lib/gcc/avr/4.7.0/avr6/libgcc.a(_epilogue.o)
                              /usr/lib/gcc/avr/4.7.0/avr6/libgcc.a(_addsub_sf.o) (__epilogue_restores__)
/usr/lib/gcc/avr/4.7.0/avr6/libgcc.a(_pack_sf.o)
                              /usr/lib/gcc/avr/4.7.0/avr6/libgcc.a(_addsub_sf.o) (__pack_f)
/usr/lib/gcc/avr/4.7.0/avr6/libgcc.a(_unpack_sf.o)
                              /usr/lib/gcc/avr/4.7.0/avr6/libgcc.a(_addsub_sf.o) (__unpack_f)
/usr/lib/gcc/avr/4.7.0/../../../avr/lib/avr6/libc.a(strcpy.o)
                              ./dev/src/quad/main.o (strcpy)
/usr/lib/gcc/avr/4.7.0/../../../avr/lib/avr6/libc.a(itoa.o)
                              ./dev/src/hal/uart.o (itoa)
/usr/lib/gcc/avr/4.7.0/../../../avr/lib/avr6/libc.a(sprintf.o)
                              ./dev/src/quad/main.o (sprintf)
/usr/lib/gcc/avr/4.7.0/../../../avr/lib/avr6/libc.a(vfprintf_std.o)
                              /usr/lib/gcc/avr/4.7.0/../../../avr/lib/avr6/libc.a(sprintf.o) (vfprintf)
/usr/lib/gcc/avr/4.7.0/../../../avr/lib/avr6/libc.a(strnlen_P.o)
                              /usr/lib/gcc/avr/4.7.0/../../../avr/lib/avr6/libc.a(vfprintf_std.o) (strnlen_P)
/usr/lib/gcc/avr/4.7.0/../../../avr/lib/avr6/libc.a(strnlen.o)
                              /usr/lib/gcc/avr/4.7.0/../../../avr/lib/avr6/libc.a(vfprintf_std.o) (strnlen)
/usr/lib/gcc/avr/4.7.0/../../../avr/lib/avr6/libc.a(strrev.o)
                              /usr/lib/gcc/avr/4.7.0/../../../avr/lib/avr6/libc.a(itoa.o) (strrev)
/usr/lib/gcc/avr/4.7.0/../../../avr/lib/avr6/libc.a(fputc.o)
                              /usr/lib/gcc/avr/4.7.0/../../../avr/lib/avr6/libc.a(vfprintf_std.o) (fputc)
/usr/lib/gcc/avr/4.7.0/../../../avr/lib/avr6/libc.a(ultoa_invert.o)
                              /usr/lib/gcc/avr/4.7.0/../../../avr/lib/avr6/libc.a(vfprintf_std.o) (__ultoa_invert)

Allocating common symbols
Common symbol       size              file

gyroZero            0x8               ./dev/src/hal/gyro.o
rate                0x4               ./dev/src/hal/kalman.o
calibratingA        0x2               ./dev/src/hal/accelerometer.o
conf                0x67              ./dev/src/hal/accelerometer.o
sonarAlt            0x2               ./dev/src/hal/accelerometer.o
imu                 0x20              ./dev/src/hal/accelerometer.o
giro_data           0x6               ./dev/src/quad/main.o
calibratingG        0x2               ./dev/src/hal/gyro.o
magHold             0x2               ./dev/src/hal/accelerometer.o
rawADC              0x6               ./dev/src/hal/accelerometer.o
q_bias              0x4               ./dev/src/hal/kalman.o
angle               0x4               ./dev/src/hal/kalman.o
Gyro_Accum          0x6               ./dev/src/hal/gyro.o
AltHold             0x4               ./dev/src/hal/accelerometer.o
previousTime        0x2               ./dev/src/hal/accelerometer.o
calibratingB        0x2               ./dev/src/hal/gyro.o
headFreeModeHold    0x2               ./dev/src/hal/accelerometer.o
ms_timer            0x4               ./dev/src/hal/timer.o
global_conf         0x10              ./dev/src/hal/accelerometer.o
currentTime         0x4               ./dev/src/hal/accelerometer.o

Memory Configuration

Name             Origin             Length             Attributes
text             0x0000000000000000 0x0000000000100000 xr
data             0x0000000000800200 0x000000000000fe00 rw !x
eeprom           0x0000000000810000 0x0000000000010000 rw !x
fuse             0x0000000000820000 0x0000000000000400 rw !x
lock             0x0000000000830000 0x0000000000000400 rw !x
signature        0x0000000000840000 0x0000000000000400 rw !x
*default*        0x0000000000000000 0xffffffffffffffff

Linker script and memory map

Address of section .data set to 0x800200
LOAD /usr/lib/gcc/avr/4.7.0/../../../avr/lib/avr6/crtm2560.o
LOAD ./dev/src/servo/servo.o
LOAD ./dev/src/quad/main.o
LOAD ./dev/src/motor/motor.o
LOAD ./dev/src/hal/accelerometer.o
LOAD ./dev/src/hal/gyro.o
LOAD ./dev/src/hal/i2c.o
LOAD ./dev/src/hal/input.o
LOAD ./dev/src/hal/kalman.o
LOAD ./dev/src/hal/pwm.o
LOAD ./dev/src/hal/time.o
LOAD ./dev/src/hal/timer.o
LOAD ./dev/src/hal/uart.o
LOAD ./dev/src/hal/wiring.o
LOAD /usr/lib/gcc/avr/4.7.0/avr6/libgcc.a
LOAD /usr/lib/gcc/avr/4.7.0/../../../avr/lib/avr6/libc.a
LOAD /usr/lib/gcc/avr/4.7.0/avr6/libgcc.a

.hash
 *(.hash)

.dynsym
 *(.dynsym)

.dynstr
 *(.dynstr)

.gnu.version
 *(.gnu.version)

.gnu.version_d
 *(.gnu.version_d)

.gnu.version_r
 *(.gnu.version_r)

.rel.init
 *(.rel.init)

.rela.init
 *(.rela.init)

.rel.text
 *(.rel.text)
 *(.rel.text.*)
 *(.rel.gnu.linkonce.t*)

.rela.text
 *(.rela.text)
 *(.rela.text.*)
 *(.rela.gnu.linkonce.t*)

.rel.fini
 *(.rel.fini)

.rela.fini
 *(.rela.fini)

.rel.rodata
 *(.rel.rodata)
 *(.rel.rodata.*)
 *(.rel.gnu.linkonce.r*)

.rela.rodata
 *(.rela.rodata)
 *(.rela.rodata.*)
 *(.rela.gnu.linkonce.r*)

.rel.data
 *(.rel.data)
 *(.rel.data.*)
 *(.rel.gnu.linkonce.d*)

.rela.data
 *(.rela.data)
 *(.rela.data.*)
 *(.rela.gnu.linkonce.d*)

.rel.ctors
 *(.rel.ctors)

.rela.ctors
 *(.rela.ctors)

.rel.dtors
 *(.rel.dtors)

.rela.dtors
 *(.rela.dtors)

.rel.got
 *(.rel.got)

.rela.got
 *(.rela.got)

.rel.bss
 *(.rel.bss)

.rela.bss
 *(.rela.bss)

.rel.plt
 *(.rel.plt)

.rela.plt
 *(.rela.plt)

.text           0x0000000000000000     0x23f6
 *(.vectors)
 .vectors       0x0000000000000000       0xe4 /usr/lib/gcc/avr/4.7.0/../../../avr/lib/avr6/crtm2560.o
                0x0000000000000000                __vectors
                0x0000000000000000                __vector_default
 *(.vectors)
 *(.progmem.gcc*)
 .progmem.gcc_sw_table.set_pwm
                0x00000000000000e4       0x14 ./dev/src/hal/pwm.o
 *(.progmem*)
                0x00000000000000f8                . = ALIGN (0x2)
                0x00000000000000f8                __trampolines_start = .
 *(.trampolines)
 .trampolines   0x00000000000000f8        0x0 linker stubs
 *(.trampolines*)
                0x00000000000000f8                __trampolines_end = .
 *(.jumptables)
 *(.jumptables*)
 *(.lowtext)
 *(.lowtext*)
                0x00000000000000f8                __ctors_start = .
 *(.ctors)
                0x00000000000000f8                __ctors_end = .
                0x00000000000000f8                __dtors_start = .
 *(.dtors)
                0x00000000000000f8                __dtors_end = .
 SORT(*)(.ctors)
 SORT(*)(.dtors)
 *(.init0)
 .init0         0x00000000000000f8        0x0 /usr/lib/gcc/avr/4.7.0/../../../avr/lib/avr6/crtm2560.o
                0x00000000000000f8                __init
 *(.init0)
 *(.init1)
 *(.init1)
 *(.init2)
 .init2         0x00000000000000f8       0x10 /usr/lib/gcc/avr/4.7.0/../../../avr/lib/avr6/crtm2560.o
 *(.init2)
 *(.init3)
 *(.init3)
 *(.init4)
 .init4         0x0000000000000108       0x1a /usr/lib/gcc/avr/4.7.0/avr6/libgcc.a(_copy_data.o)
                0x0000000000000108                __do_copy_data
 .init4         0x0000000000000122       0x10 /usr/lib/gcc/avr/4.7.0/avr6/libgcc.a(_clear_bss.o)
                0x0000000000000122                __do_clear_bss
 *(.init4)
 *(.init5)
 *(.init5)
 *(.init6)
 *(.init6)
 *(.init7)
 *(.init7)
 *(.init8)
 *(.init8)
 *(.init9)
 .init9         0x0000000000000132        0x8 /usr/lib/gcc/avr/4.7.0/../../../avr/lib/avr6/crtm2560.o
 *(.init9)
 *(.text)
 .text          0x000000000000013a        0x4 /usr/lib/gcc/avr/4.7.0/../../../avr/lib/avr6/crtm2560.o
                0x000000000000013a                __vector_38
                0x000000000000013a                __vector_22
                0x000000000000013a                __vector_28
                0x000000000000013a                __vector_1
                0x000000000000013a                __vector_32
                0x000000000000013a                __vector_34
                0x000000000000013a                __vector_24
                0x000000000000013a                __vector_12
                0x000000000000013a                __vector_55
                0x000000000000013a                __vector_46
                0x000000000000013a                __bad_interrupt
                0x000000000000013a                __vector_6
                0x000000000000013a                __vector_31
                0x000000000000013a                __vector_35
                0x000000000000013a                __vector_39
                0x000000000000013a                __vector_3
                0x000000000000013a                __vector_30
                0x000000000000013a                __vector_45
                0x000000000000013a                __vector_54
                0x000000000000013a                __vector_17
                0x000000000000013a                __vector_19
                0x000000000000013a                __vector_56
                0x000000000000013a                __vector_7
                0x000000000000013a                __vector_49
                0x000000000000013a                __vector_41
                0x000000000000013a                __vector_43
                0x000000000000013a                __vector_5
                0x000000000000013a                __vector_33
                0x000000000000013a                __vector_47
                0x000000000000013a                __vector_52
                0x000000000000013a                __vector_37
                0x000000000000013a                __vector_4
                0x000000000000013a                __vector_44
                0x000000000000013a                __vector_51
                0x000000000000013a                __vector_9
                0x000000000000013a                __vector_2
                0x000000000000013a                __vector_21
                0x000000000000013a                __vector_15
                0x000000000000013a                __vector_36
                0x000000000000013a                __vector_29
                0x000000000000013a                __vector_40
                0x000000000000013a                __vector_8
                0x000000000000013a                __vector_26
                0x000000000000013a                __vector_48
                0x000000000000013a                __vector_14
                0x000000000000013a                __vector_53
                0x000000000000013a                __vector_10
                0x000000000000013a                __vector_50
                0x000000000000013a                __vector_16
                0x000000000000013a                __vector_18
                0x000000000000013a                __vector_20
                0x000000000000013a                __vector_42
 .text          0x000000000000013e        0x0 ./dev/src/servo/servo.o
 .text          0x000000000000013e        0x0 ./dev/src/quad/main.o
 .text          0x000000000000013e        0x0 ./dev/src/motor/motor.o
 .text          0x000000000000013e        0x0 ./dev/src/hal/accelerometer.o
 .text          0x000000000000013e        0x0 ./dev/src/hal/gyro.o
 .text          0x000000000000013e        0x0 ./dev/src/hal/i2c.o
 .text          0x000000000000013e        0x0 ./dev/src/hal/input.o
 .text          0x000000000000013e        0x0 ./dev/src/hal/kalman.o
 .text          0x000000000000013e        0x0 ./dev/src/hal/pwm.o
 .text          0x000000000000013e        0x0 ./dev/src/hal/time.o
 .text          0x000000000000013e        0x0 ./dev/src/hal/timer.o
 .text          0x000000000000013e        0x0 ./dev/src/hal/uart.o
 .text          0x000000000000013e        0x0 ./dev/src/hal/wiring.o
 .text          0x000000000000013e        0x0 /usr/lib/gcc/avr/4.7.0/avr6/libgcc.a(_udivmodhi4.o)
 .text          0x000000000000013e        0x0 /usr/lib/gcc/avr/4.7.0/avr6/libgcc.a(_exit.o)
 .text          0x000000000000013e        0x0 /usr/lib/gcc/avr/4.7.0/avr6/libgcc.a(_tablejump.o)
 .text          0x000000000000013e        0x0 /usr/lib/gcc/avr/4.7.0/avr6/libgcc.a(_copy_data.o)
 .text          0x000000000000013e        0x0 /usr/lib/gcc/avr/4.7.0/avr6/libgcc.a(_clear_bss.o)
 .text          0x000000000000013e      0x35c /usr/lib/gcc/avr/4.7.0/avr6/libgcc.a(_addsub_sf.o)
                0x00000000000003e2                __addsf3
                0x000000000000043a                __subsf3
 .text          0x000000000000049a      0x1ca /usr/lib/gcc/avr/4.7.0/avr6/libgcc.a(_mul_sf.o)
                0x000000000000049a                __mulsf3
 .text          0x0000000000000664      0x146 /usr/lib/gcc/avr/4.7.0/avr6/libgcc.a(_div_sf.o)
                0x0000000000000664                __divsf3
 .text          0x00000000000007aa        0x0 /usr/lib/gcc/avr/4.7.0/avr6/libgcc.a(_thenan_sf.o)
 .text          0x00000000000007aa        0x0 /usr/lib/gcc/avr/4.7.0/avr6/libgcc.a(_prologue.o)
 .text          0x00000000000007aa        0x0 /usr/lib/gcc/avr/4.7.0/avr6/libgcc.a(_epilogue.o)
 .text          0x00000000000007aa      0x182 /usr/lib/gcc/avr/4.7.0/avr6/libgcc.a(_pack_sf.o)
                0x00000000000007aa                __pack_f
 .text          0x000000000000092c       0xde /usr/lib/gcc/avr/4.7.0/avr6/libgcc.a(_unpack_sf.o)
                0x000000000000092c                __unpack_f
 .text          0x0000000000000a0a        0x0 /usr/lib/gcc/avr/4.7.0/../../../avr/lib/avr6/libc.a(strcpy.o)
 .text          0x0000000000000a0a        0x0 /usr/lib/gcc/avr/4.7.0/../../../avr/lib/avr6/libc.a(itoa.o)
 .text          0x0000000000000a0a        0x0 /usr/lib/gcc/avr/4.7.0/../../../avr/lib/avr6/libc.a(sprintf.o)
 .text          0x0000000000000a0a        0x0 /usr/lib/gcc/avr/4.7.0/../../../avr/lib/avr6/libc.a(vfprintf_std.o)
 .text          0x0000000000000a0a        0x0 /usr/lib/gcc/avr/4.7.0/../../../avr/lib/avr6/libc.a(strnlen_P.o)
 .text          0x0000000000000a0a        0x0 /usr/lib/gcc/avr/4.7.0/../../../avr/lib/avr6/libc.a(strnlen.o)
 .text          0x0000000000000a0a        0x0 /usr/lib/gcc/avr/4.7.0/../../../avr/lib/avr6/libc.a(strrev.o)
 .text          0x0000000000000a0a        0x0 /usr/lib/gcc/avr/4.7.0/../../../avr/lib/avr6/libc.a(fputc.o)
 .text          0x0000000000000a0a        0x0 /usr/lib/gcc/avr/4.7.0/../../../avr/lib/avr6/libc.a(ultoa_invert.o)
                0x0000000000000a0a                . = ALIGN (0x2)
 *(.text.*)
 .text.set_servo_pos
                0x0000000000000a0a        0x6 ./dev/src/servo/servo.o
                0x0000000000000a0a                set_servo_pos
 .text.startup.main
                0x0000000000000a10       0xde ./dev/src/quad/main.o
                0x0000000000000a10                main
 .text.init_motor
                0x0000000000000aee       0x52 ./dev/src/motor/motor.o
                0x0000000000000aee                init_motor
 .text.set_throtle
                0x0000000000000b40       0x30 ./dev/src/motor/motor.o
                0x0000000000000b40                set_throtle
 .text.disable_motor
                0x0000000000000b70       0x1e ./dev/src/motor/motor.o
                0x0000000000000b70                disable_motor
 .text.init_accelerometer
                0x0000000000000b8e       0x86 ./dev/src/hal/accelerometer.o
                0x0000000000000b8e                init_accelerometer
 .text.ACC_Common
                0x0000000000000c14      0x17c ./dev/src/hal/accelerometer.o
                0x0000000000000c14                ACC_Common
 .text.accelerometer_get_data
                0x0000000000000d90       0xbc ./dev/src/hal/accelerometer.o
                0x0000000000000d90                accelerometer_get_data
 .text.init_gyro
                0x0000000000000e4c       0x5c ./dev/src/hal/gyro.o
                0x0000000000000e4c                init_gyro
 .text.gyro_get_temp
                0x0000000000000ea8       0x52 ./dev/src/hal/gyro.o
                0x0000000000000ea8                gyro_get_temp
 .text.GYRO_Common
                0x0000000000000efa      0x13c ./dev/src/hal/gyro.o
                0x0000000000000efa                GYRO_Common
 .text.gyro_get_data
                0x0000000000001036       0xde ./dev/src/hal/gyro.o
                0x0000000000001036                gyro_get_data
 .text.constrain
                0x0000000000001114       0x14 ./dev/src/hal/gyro.o
                0x0000000000001114                constrain
 .text.i2c_init
                0x0000000000001128       0x16 ./dev/src/hal/i2c.o
                0x0000000000001128                i2c_init
 .text.i2c_stop
                0x000000000000113e        0x8 ./dev/src/hal/i2c.o
                0x000000000000113e                i2c_stop
 .text.waitTransmissionI2C
                0x0000000000001146       0x2c ./dev/src/hal/i2c.o
                0x0000000000001146                waitTransmissionI2C
 .text.i2c_rep_start
                0x0000000000001172       0x38 ./dev/src/hal/i2c.o
                0x0000000000001172                i2c_rep_start
 .text.i2c_write
                0x00000000000011aa        0xe ./dev/src/hal/i2c.o
                0x00000000000011aa                i2c_write
 .text.i2c_read
                0x00000000000011b8       0x28 ./dev/src/hal/i2c.o
                0x00000000000011b8                i2c_read
 .text.i2c_readNak
                0x00000000000011e0        0x6 ./dev/src/hal/i2c.o
                0x00000000000011e0                i2c_readNak
 .text.i2c_readAck
                0x00000000000011e6       0x10 ./dev/src/hal/i2c.o
                0x00000000000011e6                i2c_readAck
 .text.i2c_read_to_buf
                0x00000000000011f6       0x6e ./dev/src/hal/i2c.o
                0x00000000000011f6                i2c_read_to_buf
 .text.i2c_read_reg_to_buf
                0x0000000000001264       0x44 ./dev/src/hal/i2c.o
                0x0000000000001264                i2c_read_reg_to_buf
 .text.swap_endianness
                0x00000000000012a8       0x22 ./dev/src/hal/i2c.o
                0x00000000000012a8                swap_endianness
 .text.i2c_getSixRawADC
                0x00000000000012ca        0xc ./dev/src/hal/i2c.o
                0x00000000000012ca                i2c_getSixRawADC
 .text.i2c_writeReg
                0x00000000000012d6       0x36 ./dev/src/hal/i2c.o
                0x00000000000012d6                i2c_writeReg
 .text.i2c_readReg
                0x000000000000130c       0x22 ./dev/src/hal/i2c.o
                0x000000000000130c                i2c_readReg
 .text.init_input
                0x000000000000132e       0x1c ./dev/src/hal/input.o
                0x000000000000132e                init_input
 .text.get_interrupt_pin_status
                0x000000000000134a       0x18 ./dev/src/hal/input.o
                0x000000000000134a                get_interrupt_pin_status
 .text.__vector_11
                0x0000000000001362      0x120 ./dev/src/hal/input.o
                0x0000000000001362                __vector_11
 .text.set_monitored_pin
                0x0000000000001482        0xa ./dev/src/hal/input.o
                0x0000000000001482                set_monitored_pin
 .text.stateUpdate
                0x000000000000148c      0x194 ./dev/src/hal/kalman.o
                0x000000000000148c                stateUpdate
 .text.kalmanUpdate
                0x0000000000001620      0x20c ./dev/src/hal/kalman.o
                0x0000000000001620                kalmanUpdate
 .text.init_pwm
                0x000000000000182c       0xb2 ./dev/src/hal/pwm.o
                0x000000000000182c                init_pwm
 .text.set_pwm  0x00000000000018de       0xb8 ./dev/src/hal/pwm.o
                0x00000000000018de                set_pwm
 .text.enable_pwm
                0x0000000000001996        0x4 ./dev/src/hal/pwm.o
                0x0000000000001996                enable_pwm
 .text.init_timer
                0x000000000000199a        0xc ./dev/src/hal/time.o
                0x000000000000199a                init_timer
 .text.read_timer
                0x00000000000019a6        0xa ./dev/src/hal/time.o
                0x00000000000019a6                read_timer
 .text.timerInit
                0x00000000000019b0       0x24 ./dev/src/hal/timer.o
                0x00000000000019b0                timerInit
 .text.__vector_13
                0x00000000000019d4       0x4a ./dev/src/hal/timer.o
                0x00000000000019d4                __vector_13
 .text.getMsTimer
                0x0000000000001a1e       0x16 ./dev/src/hal/timer.o
                0x0000000000001a1e                getMsTimer
 .text.uartInit
                0x0000000000001a34       0x16 ./dev/src/hal/uart.o
                0x0000000000001a34                uartInit
 .text.uart_putc
                0x0000000000001a4a       0x12 ./dev/src/hal/uart.o
                0x0000000000001a4a                uart_putc
 .text.uart_puts
                0x0000000000001a5c       0x18 ./dev/src/hal/uart.o
                0x0000000000001a5c                uart_puts
 .text.uart_puts_pgm
                0x0000000000001a74       0x22 ./dev/src/hal/uart.o
                0x0000000000001a74                uart_puts_pgm
 .text.uart_puti
                0x0000000000001a96       0x3c ./dev/src/hal/uart.o
                0x0000000000001a96                uart_puti
 .text.uart_getc
                0x0000000000001ad2        0xe ./dev/src/hal/uart.o
                0x0000000000001ad2                uart_getc
 .text.__vector_25
                0x0000000000001ae0       0x20 ./dev/src/hal/uart.o
                0x0000000000001ae0                __vector_25
 .text.__vector_27
                0x0000000000001b00       0x56 ./dev/src/hal/uart.o
                0x0000000000001b00                __vector_27
 .text.__vector_23
                0x0000000000001b56       0x94 ./dev/src/hal/wiring.o
                0x0000000000001b56                __vector_23
 .text.millis   0x0000000000001bea       0x18 ./dev/src/hal/wiring.o
                0x0000000000001bea                millis
 .text.micros   0x0000000000001c02       0x5c ./dev/src/hal/wiring.o
                0x0000000000001c02                micros
 .text.delay    0x0000000000001c5e       0x44 ./dev/src/hal/wiring.o
                0x0000000000001c5e                delay
 .text.delayMicroseconds
                0x0000000000001ca2       0x1c ./dev/src/hal/wiring.o
                0x0000000000001ca2                delayMicroseconds
 .text.init     0x0000000000001cbe       0x74 ./dev/src/hal/wiring.o
                0x0000000000001cbe                init
 .text.libgcc.mul
                0x0000000000001d32        0x0 /usr/lib/gcc/avr/4.7.0/avr6/libgcc.a(_udivmodhi4.o)
 .text.libgcc.div
                0x0000000000001d32       0x28 /usr/lib/gcc/avr/4.7.0/avr6/libgcc.a(_udivmodhi4.o)
                0x0000000000001d32                __udivmodhi4
 .text.libgcc   0x0000000000001d5a        0x0 /usr/lib/gcc/avr/4.7.0/avr6/libgcc.a(_udivmodhi4.o)
 .text.libgcc.prologue
                0x0000000000001d5a        0x0 /usr/lib/gcc/avr/4.7.0/avr6/libgcc.a(_udivmodhi4.o)
 .text.libgcc.builtins
                0x0000000000001d5a        0x0 /usr/lib/gcc/avr/4.7.0/avr6/libgcc.a(_udivmodhi4.o)
 .text.libgcc.fmul
                0x0000000000001d5a        0x0 /usr/lib/gcc/avr/4.7.0/avr6/libgcc.a(_udivmodhi4.o)
 .text.libgcc.mul
                0x0000000000001d5a        0x0 /usr/lib/gcc/avr/4.7.0/avr6/libgcc.a(_exit.o)
 .text.libgcc.div
                0x0000000000001d5a        0x0 /usr/lib/gcc/avr/4.7.0/avr6/libgcc.a(_exit.o)
 .text.libgcc   0x0000000000001d5a        0x0 /usr/lib/gcc/avr/4.7.0/avr6/libgcc.a(_exit.o)
 .text.libgcc.prologue
                0x0000000000001d5a        0x0 /usr/lib/gcc/avr/4.7.0/avr6/libgcc.a(_exit.o)
 .text.libgcc.builtins
                0x0000000000001d5a        0x0 /usr/lib/gcc/avr/4.7.0/avr6/libgcc.a(_exit.o)
 .text.libgcc.fmul
                0x0000000000001d5a        0x0 /usr/lib/gcc/avr/4.7.0/avr6/libgcc.a(_exit.o)
 .text.libgcc.mul
                0x0000000000001d5a        0x0 /usr/lib/gcc/avr/4.7.0/avr6/libgcc.a(_tablejump.o)
 .text.libgcc.div
                0x0000000000001d5a        0x0 /usr/lib/gcc/avr/4.7.0/avr6/libgcc.a(_tablejump.o)
 .text.libgcc   0x0000000000001d5a        0xc /usr/lib/gcc/avr/4.7.0/avr6/libgcc.a(_tablejump.o)
                0x0000000000001d5a                __tablejump2__
                0x0000000000001d5e                __tablejump__
 .text.libgcc.prologue
                0x0000000000001d66        0x0 /usr/lib/gcc/avr/4.7.0/avr6/libgcc.a(_tablejump.o)
 .text.libgcc.builtins
                0x0000000000001d66        0x0 /usr/lib/gcc/avr/4.7.0/avr6/libgcc.a(_tablejump.o)
 .text.libgcc.fmul
                0x0000000000001d66        0x0 /usr/lib/gcc/avr/4.7.0/avr6/libgcc.a(_tablejump.o)
 .text.libgcc.mul
                0x0000000000001d66        0x0 /usr/lib/gcc/avr/4.7.0/avr6/libgcc.a(_copy_data.o)
 .text.libgcc.div
                0x0000000000001d66        0x0 /usr/lib/gcc/avr/4.7.0/avr6/libgcc.a(_copy_data.o)
 .text.libgcc   0x0000000000001d66        0x0 /usr/lib/gcc/avr/4.7.0/avr6/libgcc.a(_copy_data.o)
 .text.libgcc.prologue
                0x0000000000001d66        0x0 /usr/lib/gcc/avr/4.7.0/avr6/libgcc.a(_copy_data.o)
 .text.libgcc.builtins
                0x0000000000001d66        0x0 /usr/lib/gcc/avr/4.7.0/avr6/libgcc.a(_copy_data.o)
 .text.libgcc.fmul
                0x0000000000001d66        0x0 /usr/lib/gcc/avr/4.7.0/avr6/libgcc.a(_copy_data.o)
 .text.libgcc.mul
                0x0000000000001d66        0x0 /usr/lib/gcc/avr/4.7.0/avr6/libgcc.a(_clear_bss.o)
 .text.libgcc.div
                0x0000000000001d66        0x0 /usr/lib/gcc/avr/4.7.0/avr6/libgcc.a(_clear_bss.o)
 .text.libgcc   0x0000000000001d66        0x0 /usr/lib/gcc/avr/4.7.0/avr6/libgcc.a(_clear_bss.o)
 .text.libgcc.prologue
                0x0000000000001d66        0x0 /usr/lib/gcc/avr/4.7.0/avr6/libgcc.a(_clear_bss.o)
 .text.libgcc.builtins
                0x0000000000001d66        0x0 /usr/lib/gcc/avr/4.7.0/avr6/libgcc.a(_clear_bss.o)
 .text.libgcc.fmul
                0x0000000000001d66        0x0 /usr/lib/gcc/avr/4.7.0/avr6/libgcc.a(_clear_bss.o)
 .text.libgcc.mul
                0x0000000000001d66        0x0 /usr/lib/gcc/avr/4.7.0/avr6/libgcc.a(_prologue.o)
 .text.libgcc.div
                0x0000000000001d66        0x0 /usr/lib/gcc/avr/4.7.0/avr6/libgcc.a(_prologue.o)
 .text.libgcc   0x0000000000001d66        0x0 /usr/lib/gcc/avr/4.7.0/avr6/libgcc.a(_prologue.o)
 .text.libgcc.prologue
                0x0000000000001d66       0x38 /usr/lib/gcc/avr/4.7.0/avr6/libgcc.a(_prologue.o)
                0x0000000000001d66                __prologue_saves__
 .text.libgcc.builtins
                0x0000000000001d9e        0x0 /usr/lib/gcc/avr/4.7.0/avr6/libgcc.a(_prologue.o)
 .text.libgcc.fmul
                0x0000000000001d9e        0x0 /usr/lib/gcc/avr/4.7.0/avr6/libgcc.a(_prologue.o)
 .text.libgcc.mul
                0x0000000000001d9e        0x0 /usr/lib/gcc/avr/4.7.0/avr6/libgcc.a(_epilogue.o)
 .text.libgcc.div
                0x0000000000001d9e        0x0 /usr/lib/gcc/avr/4.7.0/avr6/libgcc.a(_epilogue.o)
 .text.libgcc   0x0000000000001d9e        0x0 /usr/lib/gcc/avr/4.7.0/avr6/libgcc.a(_epilogue.o)
 .text.libgcc.prologue
                0x0000000000001d9e       0x36 /usr/lib/gcc/avr/4.7.0/avr6/libgcc.a(_epilogue.o)
                0x0000000000001d9e                __epilogue_restores__
 .text.libgcc.builtins
                0x0000000000001dd4        0x0 /usr/lib/gcc/avr/4.7.0/avr6/libgcc.a(_epilogue.o)
 .text.libgcc.fmul
                0x0000000000001dd4        0x0 /usr/lib/gcc/avr/4.7.0/avr6/libgcc.a(_epilogue.o)
 .text.avr-libc
                0x0000000000001dd4        0xe /usr/lib/gcc/avr/4.7.0/../../../avr/lib/avr6/libc.a(strcpy.o)
                0x0000000000001dd4                strcpy
 .text.avr-libc
                0x0000000000001de2       0x42 /usr/lib/gcc/avr/4.7.0/../../../avr/lib/avr6/libc.a(itoa.o)
                0x0000000000001de2                itoa
 .text.avr-libc
                0x0000000000001e24       0x62 /usr/lib/gcc/avr/4.7.0/../../../avr/lib/avr6/libc.a(sprintf.o)
                0x0000000000001e24                sprintf
 .text.avr-libc
                0x0000000000001e86      0x40c /usr/lib/gcc/avr/4.7.0/../../../avr/lib/avr6/libc.a(vfprintf_std.o)
                0x0000000000001e86                vfprintf
 .text.avr-libc
                0x0000000000002292       0x16 /usr/lib/gcc/avr/4.7.0/../../../avr/lib/avr6/libc.a(strnlen_P.o)
                0x0000000000002292                strnlen_P
 .text.avr-libc
                0x00000000000022a8       0x16 /usr/lib/gcc/avr/4.7.0/../../../avr/lib/avr6/libc.a(strnlen.o)
                0x00000000000022a8                strnlen
 .text.avr-libc
                0x00000000000022be       0x20 /usr/lib/gcc/avr/4.7.0/../../../avr/lib/avr6/libc.a(strrev.o)
                0x00000000000022be                strrev
 .text.avr-libc
                0x00000000000022de       0x58 /usr/lib/gcc/avr/4.7.0/../../../avr/lib/avr6/libc.a(fputc.o)
                0x00000000000022de                fputc
 .text.avr-libc
                0x0000000000002336       0xbc /usr/lib/gcc/avr/4.7.0/../../../avr/lib/avr6/libc.a(ultoa_invert.o)
                0x0000000000002336                __ultoa_invert
                0x00000000000023f2                . = ALIGN (0x2)
 *(.fini9)
 .fini9         0x00000000000023f2        0x0 /usr/lib/gcc/avr/4.7.0/avr6/libgcc.a(_exit.o)
                0x00000000000023f2                exit
                0x00000000000023f2                _exit
 *(.fini9)
 *(.fini8)
 *(.fini8)
 *(.fini7)
 *(.fini7)
 *(.fini6)
 *(.fini6)
 *(.fini5)
 *(.fini5)
 *(.fini4)
 *(.fini4)
 *(.fini3)
 *(.fini3)
 *(.fini2)
 *(.fini2)
 *(.fini1)
 *(.fini1)
 *(.fini0)
 .fini0         0x00000000000023f2        0x4 /usr/lib/gcc/avr/4.7.0/avr6/libgcc.a(_exit.o)
 *(.fini0)
                0x00000000000023f6                _etext = .

.data           0x0000000000800200       0x62 load address 0x00000000000023f6
                0x0000000000800200                PROVIDE (__data_start, .)
 *(.data)
 .data          0x0000000000800200        0x0 /usr/lib/gcc/avr/4.7.0/../../../avr/lib/avr6/crtm2560.o
 .data          0x0000000000800200        0x0 ./dev/src/servo/servo.o
 .data          0x0000000000800200        0x0 ./dev/src/quad/main.o
 .data          0x0000000000800200        0x0 ./dev/src/motor/motor.o
 .data          0x0000000000800200        0x0 ./dev/src/hal/accelerometer.o
 .data          0x0000000000800200        0x0 ./dev/src/hal/gyro.o
 .data          0x0000000000800200        0x0 ./dev/src/hal/i2c.o
 .data          0x0000000000800200        0x0 ./dev/src/hal/input.o
 .data          0x0000000000800200        0x0 ./dev/src/hal/kalman.o
 .data          0x0000000000800200        0x0 ./dev/src/hal/pwm.o
 .data          0x0000000000800200        0x0 ./dev/src/hal/time.o
 .data          0x0000000000800200        0x0 ./dev/src/hal/timer.o
 .data          0x0000000000800200        0x0 ./dev/src/hal/uart.o
 .data          0x0000000000800200        0x0 ./dev/src/hal/wiring.o
 .data          0x0000000000800200        0x0 /usr/lib/gcc/avr/4.7.0/avr6/libgcc.a(_udivmodhi4.o)
 .data          0x0000000000800200        0x0 /usr/lib/gcc/avr/4.7.0/avr6/libgcc.a(_exit.o)
 .data          0x0000000000800200        0x0 /usr/lib/gcc/avr/4.7.0/avr6/libgcc.a(_tablejump.o)
 .data          0x0000000000800200        0x0 /usr/lib/gcc/avr/4.7.0/avr6/libgcc.a(_copy_data.o)
 .data          0x0000000000800200        0x0 /usr/lib/gcc/avr/4.7.0/avr6/libgcc.a(_clear_bss.o)
 .data          0x0000000000800200        0x0 /usr/lib/gcc/avr/4.7.0/avr6/libgcc.a(_addsub_sf.o)
 .data          0x0000000000800200        0x0 /usr/lib/gcc/avr/4.7.0/avr6/libgcc.a(_mul_sf.o)
 .data          0x0000000000800200        0x0 /usr/lib/gcc/avr/4.7.0/avr6/libgcc.a(_div_sf.o)
 .data          0x0000000000800200        0x0 /usr/lib/gcc/avr/4.7.0/avr6/libgcc.a(_thenan_sf.o)
 .data          0x0000000000800200        0x0 /usr/lib/gcc/avr/4.7.0/avr6/libgcc.a(_prologue.o)
 .data          0x0000000000800200        0x0 /usr/lib/gcc/avr/4.7.0/avr6/libgcc.a(_epilogue.o)
 .data          0x0000000000800200        0x0 /usr/lib/gcc/avr/4.7.0/avr6/libgcc.a(_pack_sf.o)
 .data          0x0000000000800200        0x0 /usr/lib/gcc/avr/4.7.0/avr6/libgcc.a(_unpack_sf.o)
 .data          0x0000000000800200        0x0 /usr/lib/gcc/avr/4.7.0/../../../avr/lib/avr6/libc.a(strcpy.o)
 .data          0x0000000000800200        0x0 /usr/lib/gcc/avr/4.7.0/../../../avr/lib/avr6/libc.a(itoa.o)
 .data          0x0000000000800200        0x0 /usr/lib/gcc/avr/4.7.0/../../../avr/lib/avr6/libc.a(sprintf.o)
 .data          0x0000000000800200        0x0 /usr/lib/gcc/avr/4.7.0/../../../avr/lib/avr6/libc.a(vfprintf_std.o)
 .data          0x0000000000800200        0x0 /usr/lib/gcc/avr/4.7.0/../../../avr/lib/avr6/libc.a(strnlen_P.o)
 .data          0x0000000000800200        0x0 /usr/lib/gcc/avr/4.7.0/../../../avr/lib/avr6/libc.a(strnlen.o)
 .data          0x0000000000800200        0x0 /usr/lib/gcc/avr/4.7.0/../../../avr/lib/avr6/libc.a(strrev.o)
 .data          0x0000000000800200        0x0 /usr/lib/gcc/avr/4.7.0/../../../avr/lib/avr6/libc.a(fputc.o)
 .data          0x0000000000800200        0x0 /usr/lib/gcc/avr/4.7.0/../../../avr/lib/avr6/libc.a(ultoa_invert.o)
 *(.data*)
 .data.buffer   0x0000000000800200       0x28 ./dev/src/quad/main.o
                0x0000000000800200                buffer
 .data.P        0x0000000000800228       0x10 ./dev/src/hal/kalman.o
 *(.rodata)
 .rodata        0x0000000000800238        0x8 /usr/lib/gcc/avr/4.7.0/avr6/libgcc.a(_thenan_sf.o)
                0x0000000000800238                __thenan_sf
 *(.rodata*)
 .rodata.str1.1
                0x0000000000800240       0x13 ./dev/src/quad/main.o
                                         0x16 (size before relaxing)
 .rodata.str1.1
                0x0000000000800253        0xf ./dev/src/hal/uart.o
 *(.gnu.linkonce.d*)
                0x0000000000800262                . = ALIGN (0x2)
                0x0000000000800262                _edata = .
                0x0000000000800262                PROVIDE (__data_end, .)

.bss            0x0000000000800262      0x13f
                0x0000000000800262                PROVIDE (__bss_start, .)
 *(.bss)
 .bss           0x0000000000800262        0x0 /usr/lib/gcc/avr/4.7.0/../../../avr/lib/avr6/crtm2560.o
 .bss           0x0000000000800262        0x0 ./dev/src/servo/servo.o
 .bss           0x0000000000800262        0x0 ./dev/src/quad/main.o
 .bss           0x0000000000800262        0x0 ./dev/src/motor/motor.o
 .bss           0x0000000000800262        0x0 ./dev/src/hal/accelerometer.o
 .bss           0x0000000000800262        0x0 ./dev/src/hal/gyro.o
 .bss           0x0000000000800262        0x0 ./dev/src/hal/i2c.o
 .bss           0x0000000000800262        0x0 ./dev/src/hal/input.o
 .bss           0x0000000000800262        0x0 ./dev/src/hal/kalman.o
 .bss           0x0000000000800262        0x0 ./dev/src/hal/pwm.o
 .bss           0x0000000000800262        0x0 ./dev/src/hal/time.o
 .bss           0x0000000000800262        0x0 ./dev/src/hal/timer.o
 .bss           0x0000000000800262        0x0 ./dev/src/hal/uart.o
 .bss           0x0000000000800262        0x0 ./dev/src/hal/wiring.o
 .bss           0x0000000000800262        0x0 /usr/lib/gcc/avr/4.7.0/avr6/libgcc.a(_udivmodhi4.o)
 .bss           0x0000000000800262        0x0 /usr/lib/gcc/avr/4.7.0/avr6/libgcc.a(_exit.o)
 .bss           0x0000000000800262        0x0 /usr/lib/gcc/avr/4.7.0/avr6/libgcc.a(_tablejump.o)
 .bss           0x0000000000800262        0x0 /usr/lib/gcc/avr/4.7.0/avr6/libgcc.a(_copy_data.o)
 .bss           0x0000000000800262        0x0 /usr/lib/gcc/avr/4.7.0/avr6/libgcc.a(_clear_bss.o)
 .bss           0x0000000000800262        0x0 /usr/lib/gcc/avr/4.7.0/avr6/libgcc.a(_addsub_sf.o)
 .bss           0x0000000000800262        0x0 /usr/lib/gcc/avr/4.7.0/avr6/libgcc.a(_mul_sf.o)
 .bss           0x0000000000800262        0x0 /usr/lib/gcc/avr/4.7.0/avr6/libgcc.a(_div_sf.o)
 .bss           0x0000000000800262        0x0 /usr/lib/gcc/avr/4.7.0/avr6/libgcc.a(_thenan_sf.o)
 .bss           0x0000000000800262        0x0 /usr/lib/gcc/avr/4.7.0/avr6/libgcc.a(_prologue.o)
 .bss           0x0000000000800262        0x0 /usr/lib/gcc/avr/4.7.0/avr6/libgcc.a(_epilogue.o)
 .bss           0x0000000000800262        0x0 /usr/lib/gcc/avr/4.7.0/avr6/libgcc.a(_pack_sf.o)
 .bss           0x0000000000800262        0x0 /usr/lib/gcc/avr/4.7.0/avr6/libgcc.a(_unpack_sf.o)
 .bss           0x0000000000800262        0x0 /usr/lib/gcc/avr/4.7.0/../../../avr/lib/avr6/libc.a(strcpy.o)
 .bss           0x0000000000800262        0x0 /usr/lib/gcc/avr/4.7.0/../../../avr/lib/avr6/libc.a(itoa.o)
 .bss           0x0000000000800262        0x0 /usr/lib/gcc/avr/4.7.0/../../../avr/lib/avr6/libc.a(sprintf.o)
 .bss           0x0000000000800262        0x0 /usr/lib/gcc/avr/4.7.0/../../../avr/lib/avr6/libc.a(vfprintf_std.o)
 .bss           0x0000000000800262        0x0 /usr/lib/gcc/avr/4.7.0/../../../avr/lib/avr6/libc.a(strnlen_P.o)
 .bss           0x0000000000800262        0x0 /usr/lib/gcc/avr/4.7.0/../../../avr/lib/avr6/libc.a(strnlen.o)
 .bss           0x0000000000800262        0x0 /usr/lib/gcc/avr/4.7.0/../../../avr/lib/avr6/libc.a(strrev.o)
 .bss           0x0000000000800262        0x0 /usr/lib/gcc/avr/4.7.0/../../../avr/lib/avr6/libc.a(fputc.o)
 .bss           0x0000000000800262        0x0 /usr/lib/gcc/avr/4.7.0/../../../avr/lib/avr6/libc.a(ultoa_invert.o)
 *(.bss*)
 .bss.i         0x0000000000800262        0x2 ./dev/src/quad/main.o
                0x0000000000800262                i
 .bss.errorAltitudeI
                0x0000000000800264        0x2 ./dev/src/hal/accelerometer.o
                0x0000000000800264                errorAltitudeI
 .bss.BaroPID   0x0000000000800266        0x2 ./dev/src/hal/accelerometer.o
                0x0000000000800266                BaroPID
 .bss.cycleTime
                0x0000000000800268        0x2 ./dev/src/hal/accelerometer.o
                0x0000000000800268                cycleTime
 .bss.a.1792    0x000000000080026a        0xc ./dev/src/hal/accelerometer.o
 .bss.previousGyroADC.1873
                0x0000000000800276        0x6 ./dev/src/hal/gyro.o
 .bss.g.1874    0x000000000080027c        0xc ./dev/src/hal/gyro.o
 .bss.i2c_errors_count
                0x0000000000800288        0x2 ./dev/src/hal/i2c.o
                0x0000000000800288                i2c_errors_count
 .bss.last_input_state.1492
                0x000000000080028a        0x1 ./dev/src/hal/input.o
 .bss.started   0x000000000080028b        0x1 ./dev/src/hal/input.o
                0x000000000080028b                started
 .bss.receiver_mask
                0x000000000080028c        0x1 ./dev/src/hal/input.o
                0x000000000080028c                receiver_mask
 .bss.pin_pos   0x000000000080028d        0x1 ./dev/src/hal/input.o
                0x000000000080028d                pin_pos
 .bss.positive  0x000000000080028e       0x10 ./dev/src/hal/input.o
                0x000000000080028e                positive
 .bss.end_pos   0x000000000080029e       0x10 ./dev/src/hal/input.o
                0x000000000080029e                end_pos
 .bss.start_pos
                0x00000000008002ae       0x10 ./dev/src/hal/input.o
                0x00000000008002ae                start_pos
 .bss.delta     0x00000000008002be        0x2 ./dev/src/hal/input.o
                0x00000000008002be                delta
 .bss.input_uart
                0x00000000008002c0        0x1 ./dev/src/hal/uart.o
                0x00000000008002c0                input_uart
 .bss.timer0_fract
                0x00000000008002c1        0x1 ./dev/src/hal/wiring.o
 .bss.timer0_millis
                0x00000000008002c2        0x4 ./dev/src/hal/wiring.o
                0x00000000008002c2                timer0_millis
 .bss.timer0_overflow_count
                0x00000000008002c6        0x4 ./dev/src/hal/wiring.o
                0x00000000008002c6                timer0_overflow_count
 *(COMMON)
 COMMON         0x00000000008002ca        0x6 ./dev/src/quad/main.o
                0x00000000008002ca                giro_data
 COMMON         0x00000000008002d0       0xaf ./dev/src/hal/accelerometer.o
                0x00000000008002d0                calibratingA
                0x00000000008002d2                conf
                0x0000000000800339                sonarAlt
                0x000000000080033b                imu
                0x000000000080035b                magHold
                0x000000000080035d                rawADC
                0x0000000000800363                AltHold
                0x0000000000800367                previousTime
                0x0000000000800369                headFreeModeHold
                0x000000000080036b                global_conf
                0x000000000080037b                currentTime
 COMMON         0x000000000080037f       0x12 ./dev/src/hal/gyro.o
                0x000000000080037f                gyroZero
                0x0000000000800387                calibratingG
                0x0000000000800389                Gyro_Accum
                0x000000000080038f                calibratingB
 COMMON         0x0000000000800391        0xc ./dev/src/hal/kalman.o
                0x0000000000800391                rate
                0x0000000000800395                q_bias
                0x0000000000800399                angle
 COMMON         0x000000000080039d        0x4 ./dev/src/hal/timer.o
                0x000000000080039d                ms_timer
                0x00000000008003a1                PROVIDE (__bss_end, .)
                0x00000000000023f6                __data_load_start = LOADADDR (.data)
                0x0000000000002458                __data_load_end = (__data_load_start + SIZEOF (.data))

.noinit         0x00000000008003a1        0x0
                0x00000000008003a1                PROVIDE (__noinit_start, .)
 *(.noinit*)
                0x00000000008003a1                PROVIDE (__noinit_end, .)
                0x00000000008003a1                _end = .
                0x00000000008003a1                PROVIDE (__heap_start, .)

.eeprom         0x0000000000810000        0x0
 *(.eeprom*)
                0x0000000000810000                __eeprom_end = .

.fuse
 *(.fuse)
 *(.lfuse)
 *(.hfuse)
 *(.efuse)

.lock
 *(.lock*)

.signature
 *(.signature*)

.stab           0x0000000000000000     0x1f80
 *(.stab)
 .stab          0x0000000000000000      0x6e4 /usr/lib/gcc/avr/4.7.0/../../../avr/lib/avr6/crtm2560.o
 .stab          0x00000000000006e4       0x6c /usr/lib/gcc/avr/4.7.0/../../../avr/lib/avr6/libc.a(strcpy.o)
                                         0x78 (size before relaxing)
 .stab          0x0000000000000750      0x1b0 /usr/lib/gcc/avr/4.7.0/../../../avr/lib/avr6/libc.a(itoa.o)
                                        0x1bc (size before relaxing)
 .stab          0x0000000000000900      0x3d8 /usr/lib/gcc/avr/4.7.0/../../../avr/lib/avr6/libc.a(sprintf.o)
                                        0x3e4 (size before relaxing)
 .stab          0x0000000000000cd8      0xa44 /usr/lib/gcc/avr/4.7.0/../../../avr/lib/avr6/libc.a(vfprintf_std.o)
                                        0xc24 (size before relaxing)
 .stab          0x000000000000171c       0x9c /usr/lib/gcc/avr/4.7.0/../../../avr/lib/avr6/libc.a(strnlen_P.o)
                                         0xa8 (size before relaxing)
 .stab          0x00000000000017b8       0x9c /usr/lib/gcc/avr/4.7.0/../../../avr/lib/avr6/libc.a(strnlen.o)
                                         0xa8 (size before relaxing)
 .stab          0x0000000000001854       0xd8 /usr/lib/gcc/avr/4.7.0/../../../avr/lib/avr6/libc.a(strrev.o)
                                         0xe4 (size before relaxing)
 .stab          0x000000000000192c      0x1d4 /usr/lib/gcc/avr/4.7.0/../../../avr/lib/avr6/libc.a(fputc.o)
                                        0x3b4 (size before relaxing)
 .stab          0x0000000000001b00      0x480 /usr/lib/gcc/avr/4.7.0/../../../avr/lib/avr6/libc.a(ultoa_invert.o)
                                        0x48c (size before relaxing)

.stabstr        0x0000000000000000      0xb97
 *(.stabstr)
 .stabstr       0x0000000000000000      0xb97 /usr/lib/gcc/avr/4.7.0/../../../avr/lib/avr6/crtm2560.o

.stab.excl
 *(.stab.excl)

.stab.exclstr
 *(.stab.exclstr)

.stab.index
 *(.stab.index)

.stab.indexstr
 *(.stab.indexstr)

.comment        0x0000000000000000       0x22
 *(.comment)
 .comment       0x0000000000000000       0x11 ./dev/src/servo/servo.o
                                         0x12 (size before relaxing)
 .comment       0x0000000000000000       0x12 ./dev/src/quad/main.o
 .comment       0x0000000000000000       0x12 ./dev/src/motor/motor.o
 .comment       0x0000000000000000       0x12 ./dev/src/hal/accelerometer.o
 .comment       0x0000000000000011       0x11 ./dev/src/hal/gyro.o
                                         0x12 (size before relaxing)
 .comment       0x0000000000000000       0x12 ./dev/src/hal/i2c.o
 .comment       0x0000000000000000       0x12 ./dev/src/hal/input.o
 .comment       0x0000000000000000       0x12 ./dev/src/hal/kalman.o
 .comment       0x0000000000000000       0x12 ./dev/src/hal/pwm.o
 .comment       0x0000000000000000       0x12 ./dev/src/hal/time.o
 .comment       0x0000000000000000       0x12 ./dev/src/hal/timer.o
 .comment       0x0000000000000000       0x12 ./dev/src/hal/uart.o
 .comment       0x0000000000000000       0x12 ./dev/src/hal/wiring.o
 .comment       0x0000000000000000       0x12 /usr/lib/gcc/avr/4.7.0/avr6/libgcc.a(_addsub_sf.o)
 .comment       0x0000000000000000       0x12 /usr/lib/gcc/avr/4.7.0/avr6/libgcc.a(_mul_sf.o)
 .comment       0x0000000000000000       0x12 /usr/lib/gcc/avr/4.7.0/avr6/libgcc.a(_div_sf.o)
 .comment       0x0000000000000000       0x12 /usr/lib/gcc/avr/4.7.0/avr6/libgcc.a(_thenan_sf.o)
 .comment       0x0000000000000000       0x12 /usr/lib/gcc/avr/4.7.0/avr6/libgcc.a(_pack_sf.o)
 .comment       0x0000000000000000       0x12 /usr/lib/gcc/avr/4.7.0/avr6/libgcc.a(_unpack_sf.o)
 .comment       0x0000000000000000       0x12 /usr/lib/gcc/avr/4.7.0/../../../avr/lib/avr6/libc.a(sprintf.o)
 .comment       0x0000000000000000       0x12 /usr/lib/gcc/avr/4.7.0/../../../avr/lib/avr6/libc.a(vfprintf_std.o)
 .comment       0x0000000000000000       0x12 /usr/lib/gcc/avr/4.7.0/../../../avr/lib/avr6/libc.a(fputc.o)

.debug
 *(.debug)

.line
 *(.line)

.debug_srcinfo
 *(.debug_srcinfo)

.debug_sfnames
 *(.debug_sfnames)

.debug_aranges
 *(.debug_aranges)

.debug_pubnames
 *(.debug_pubnames)

.debug_info
 *(.debug_info)
 *(.gnu.linkonce.wi.*)

.debug_abbrev
 *(.debug_abbrev)

.debug_line
 *(.debug_line)

.debug_frame
 *(.debug_frame)

.debug_str
 *(.debug_str)

.debug_loc
 *(.debug_loc)

.debug_macinfo
 *(.debug_macinfo)
OUTPUT(quadcopter.elf elf32-avr)
LOAD linker stubs
