Membro arquivo incluído por causa de arquivo (símbolo)

/usr/lib/gcc/avr/4.8.2/avr6/libgcc.a(_udivmodhi4.o)
                              ./dev/src/hal/gyro.o (__udivmodhi4)
/usr/lib/gcc/avr/4.8.2/avr6/libgcc.a(_exit.o)
                              /usr/lib/gcc/avr/4.8.2/../../../avr/lib/avr6/crtm2560.o (exit)
/usr/lib/gcc/avr/4.8.2/avr6/libgcc.a(_tablejump.o)
                              ./dev/src/hal/pwm.o (__tablejump2__)
/usr/lib/gcc/avr/4.8.2/avr6/libgcc.a(_copy_data.o)
                              ./dev/src/quad/main.o (__do_copy_data)
/usr/lib/gcc/avr/4.8.2/avr6/libgcc.a(_clear_bss.o)
                              ./dev/src/quad/main.o (__do_clear_bss)
/usr/lib/gcc/avr/4.8.2/../../../avr/lib/avr6/libm.a(addsf3.o)
                              ./dev/src/hal/kalman.o (__subsf3)
/usr/lib/gcc/avr/4.8.2/../../../avr/lib/avr6/libm.a(addsf3x.o)
                              /usr/lib/gcc/avr/4.8.2/../../../avr/lib/avr6/libm.a(addsf3.o) (__addsf3x)
/usr/lib/gcc/avr/4.8.2/../../../avr/lib/avr6/libm.a(divsf3.o)
                              ./dev/src/hal/kalman.o (__divsf3)
/usr/lib/gcc/avr/4.8.2/../../../avr/lib/avr6/libm.a(divsf3x.o)
                              /usr/lib/gcc/avr/4.8.2/../../../avr/lib/avr6/libm.a(divsf3.o) (__divsf3x)
/usr/lib/gcc/avr/4.8.2/../../../avr/lib/avr6/libm.a(fixsfsi.o)
                              ./dev/src/hal/accelerometer.o (__fixsfsi)
/usr/lib/gcc/avr/4.8.2/../../../avr/lib/avr6/libm.a(fixunssfsi.o)
                              /usr/lib/gcc/avr/4.8.2/../../../avr/lib/avr6/libm.a(fixsfsi.o) (__fixunssfsi)
/usr/lib/gcc/avr/4.8.2/../../../avr/lib/avr6/libm.a(floatsisf.o)
                              ./dev/src/hal/accelerometer.o (__floatsisf)
/usr/lib/gcc/avr/4.8.2/../../../avr/lib/avr6/libm.a(fp_inf.o)
                              /usr/lib/gcc/avr/4.8.2/../../../avr/lib/avr6/libm.a(addsf3x.o) (__fp_inf)
/usr/lib/gcc/avr/4.8.2/../../../avr/lib/avr6/libm.a(fp_nan.o)
                              /usr/lib/gcc/avr/4.8.2/../../../avr/lib/avr6/libm.a(addsf3x.o) (__fp_nan)
/usr/lib/gcc/avr/4.8.2/../../../avr/lib/avr6/libm.a(fp_pscA.o)
                              /usr/lib/gcc/avr/4.8.2/../../../avr/lib/avr6/libm.a(addsf3x.o) (__fp_pscA)
/usr/lib/gcc/avr/4.8.2/../../../avr/lib/avr6/libm.a(fp_pscB.o)
                              /usr/lib/gcc/avr/4.8.2/../../../avr/lib/avr6/libm.a(addsf3x.o) (__fp_pscB)
/usr/lib/gcc/avr/4.8.2/../../../avr/lib/avr6/libm.a(fp_round.o)
                              /usr/lib/gcc/avr/4.8.2/../../../avr/lib/avr6/libm.a(addsf3.o) (__fp_round)
/usr/lib/gcc/avr/4.8.2/../../../avr/lib/avr6/libm.a(fp_split3.o)
                              /usr/lib/gcc/avr/4.8.2/../../../avr/lib/avr6/libm.a(addsf3x.o) (__fp_split3)
/usr/lib/gcc/avr/4.8.2/../../../avr/lib/avr6/libm.a(fp_zero.o)
                              /usr/lib/gcc/avr/4.8.2/../../../avr/lib/avr6/libm.a(addsf3x.o) (__fp_zero)
/usr/lib/gcc/avr/4.8.2/../../../avr/lib/avr6/libm.a(mulsf3.o)
                              ./dev/src/hal/accelerometer.o (__mulsf3)
/usr/lib/gcc/avr/4.8.2/../../../avr/lib/avr6/libm.a(mulsf3x.o)
                              /usr/lib/gcc/avr/4.8.2/../../../avr/lib/avr6/libm.a(mulsf3.o) (__mulsf3x)
/usr/lib/gcc/avr/4.8.2/../../../avr/lib/avr6/libc.a(strcpy.o)
                              ./dev/src/quad/main.o (strcpy)
/usr/lib/gcc/avr/4.8.2/../../../avr/lib/avr6/libc.a(itoa.o)
                              ./dev/src/hal/uart.o (itoa)
/usr/lib/gcc/avr/4.8.2/../../../avr/lib/avr6/libc.a(sprintf.o)
                              ./dev/src/quad/main.o (sprintf)
/usr/lib/gcc/avr/4.8.2/../../../avr/lib/avr6/libc.a(vfprintf_std.o)
                              /usr/lib/gcc/avr/4.8.2/../../../avr/lib/avr6/libc.a(sprintf.o) (vfprintf)
/usr/lib/gcc/avr/4.8.2/../../../avr/lib/avr6/libc.a(strnlen_P.o)
                              /usr/lib/gcc/avr/4.8.2/../../../avr/lib/avr6/libc.a(vfprintf_std.o) (strnlen_P)
/usr/lib/gcc/avr/4.8.2/../../../avr/lib/avr6/libc.a(strnlen.o)
                              /usr/lib/gcc/avr/4.8.2/../../../avr/lib/avr6/libc.a(vfprintf_std.o) (strnlen)
/usr/lib/gcc/avr/4.8.2/../../../avr/lib/avr6/libc.a(strrev.o)
                              /usr/lib/gcc/avr/4.8.2/../../../avr/lib/avr6/libc.a(itoa.o) (strrev)
/usr/lib/gcc/avr/4.8.2/../../../avr/lib/avr6/libc.a(fputc.o)
                              /usr/lib/gcc/avr/4.8.2/../../../avr/lib/avr6/libc.a(vfprintf_std.o) (fputc)
/usr/lib/gcc/avr/4.8.2/../../../avr/lib/avr6/libc.a(ultoa_invert.o)
                              /usr/lib/gcc/avr/4.8.2/../../../avr/lib/avr6/libc.a(vfprintf_std.o) (__ultoa_invert)

Alocando simbolos comuns
Tamanho comum do arquivo de símbolos

gyroZero            0x8               ./dev/src/hal/gyro.o
rate                0x4               ./dev/src/hal/kalman.o
conf                0x67              ./dev/src/hal/accelerometer.o
sonarAlt            0x2               ./dev/src/hal/accelerometer.o
imu                 0x20              ./dev/src/hal/accelerometer.o
calibratingG        0x2               ./dev/src/hal/gyro.o
magHold             0x2               ./dev/src/hal/accelerometer.o
rawADC              0x6               ./dev/src/hal/accelerometer.o
q_bias              0x4               ./dev/src/hal/kalman.o
angle               0x4               ./dev/src/hal/kalman.o
data                0x6               ./dev/src/quad/main.o
Gyro_Accum          0x6               ./dev/src/hal/gyro.o
AltHold             0x4               ./dev/src/hal/accelerometer.o
previousTime        0x2               ./dev/src/hal/accelerometer.o
calibratingB        0x2               ./dev/src/hal/gyro.o
headFreeModeHold    0x2               ./dev/src/hal/accelerometer.o
ms_timer            0x4               ./dev/src/hal/timer.o
global_conf         0x10              ./dev/src/hal/accelerometer.o
currentTime         0x4               ./dev/src/hal/accelerometer.o

Configuração de Memória

Nome             Origem             Tamanho            Atributos
text             0x00000000         0x00100000         xr
data             0x00800200         0x0000fe00         rw !x
eeprom           0x00810000         0x00010000         rw !x
fuse             0x00820000         0x00000400         rw !x
lock             0x00830000         0x00000400         rw !x
signature        0x00840000         0x00000400         rw !x
user_signatures  0x00850000         0x00000400         rw !x
*default*        0x00000000         0xffffffff

Script do link-editor e mapa de memória

Endereço da seção .data ajustado para 0x800200
LOAD /usr/lib/gcc/avr/4.8.2/../../../avr/lib/avr6/crtm2560.o
LOAD ./dev/src/servo/servo.o
LOAD ./dev/src/quad/main.o
LOAD ./dev/src/motor/motor.o
LOAD ./dev/src/hal/accelerometer.o
LOAD ./dev/src/hal/gyro.o
LOAD ./dev/src/hal/i2c.o
LOAD ./dev/src/hal/input.o
LOAD ./dev/src/hal/kalman.o
LOAD ./dev/src/hal/pwm.o
LOAD ./dev/src/hal/time.o
LOAD ./dev/src/hal/timer.o
LOAD ./dev/src/hal/uart.o
LOAD ./dev/src/hal/wiring.o
START GROUP
LOAD /usr/lib/gcc/avr/4.8.2/avr6/libgcc.a
LOAD /usr/lib/gcc/avr/4.8.2/../../../avr/lib/avr6/libm.a
LOAD /usr/lib/gcc/avr/4.8.2/../../../avr/lib/avr6/libc.a
END GROUP

.hash
 *(.hash)

.dynsym
 *(.dynsym)

.dynstr
 *(.dynstr)

.gnu.version
 *(.gnu.version)

.gnu.version_d
 *(.gnu.version_d)

.gnu.version_r
 *(.gnu.version_r)

.rel.init
 *(.rel.init)

.rela.init
 *(.rela.init)

.rel.text
 *(.rel.text)
 *(.rel.text.*)
 *(.rel.gnu.linkonce.t*)

.rela.text
 *(.rela.text)
 *(.rela.text.*)
 *(.rela.gnu.linkonce.t*)

.rel.fini
 *(.rel.fini)

.rela.fini
 *(.rela.fini)

.rel.rodata
 *(.rel.rodata)
 *(.rel.rodata.*)
 *(.rel.gnu.linkonce.r*)

.rela.rodata
 *(.rela.rodata)
 *(.rela.rodata.*)
 *(.rela.gnu.linkonce.r*)

.rel.data
 *(.rel.data)
 *(.rel.data.*)
 *(.rel.gnu.linkonce.d*)

.rela.data
 *(.rela.data)
 *(.rela.data.*)
 *(.rela.gnu.linkonce.d*)

.rel.ctors
 *(.rel.ctors)

.rela.ctors
 *(.rela.ctors)

.rel.dtors
 *(.rel.dtors)

.rela.dtors
 *(.rela.dtors)

.rel.got
 *(.rel.got)

.rela.got
 *(.rela.got)

.rel.bss
 *(.rel.bss)

.rela.bss
 *(.rela.bss)

.rel.plt
 *(.rel.plt)

.rela.plt
 *(.rela.plt)

.text           0x00000000     0x1f24
 *(.vectors)
 .vectors       0x00000000       0xe4 /usr/lib/gcc/avr/4.8.2/../../../avr/lib/avr6/crtm2560.o
                0x00000000                __vectors
                0x00000000                __vector_default
 *(.vectors)
 *(.progmem.gcc*)
 .progmem.gcc_sw_table.set_pwm
                0x000000e4       0x14 ./dev/src/hal/pwm.o
 *(.progmem*)
                0x000000f8                . = ALIGN (0x2)
                0x000000f8                __trampolines_start = .
 *(.trampolines)
 .trampolines   0x000000f8       0x28 linker stubs
 *(.trampolines*)
                0x00000120                __trampolines_end = .
 *(.jumptables)
 *(.jumptables*)
 *(.lowtext)
 *(.lowtext*)
                0x00000120                __ctors_start = .
 *(.ctors)
                0x00000120                __ctors_end = .
                0x00000120                __dtors_start = .
 *(.dtors)
                0x00000120                __dtors_end = .
 SORT(*)(.ctors)
 SORT(*)(.dtors)
 *(.init0)
 .init0         0x00000120        0x0 /usr/lib/gcc/avr/4.8.2/../../../avr/lib/avr6/crtm2560.o
                0x00000120                __init
 *(.init0)
 *(.init1)
 *(.init1)
 *(.init2)
 .init2         0x00000120       0x10 /usr/lib/gcc/avr/4.8.2/../../../avr/lib/avr6/crtm2560.o
 *(.init2)
 *(.init3)
 *(.init3)
 *(.init4)
 .init4         0x00000130       0x1a /usr/lib/gcc/avr/4.8.2/avr6/libgcc.a(_copy_data.o)
                0x00000130                __do_copy_data
 .init4         0x0000014a       0x10 /usr/lib/gcc/avr/4.8.2/avr6/libgcc.a(_clear_bss.o)
                0x0000014a                __do_clear_bss
 *(.init4)
 *(.init5)
 *(.init5)
 *(.init6)
 *(.init6)
 *(.init7)
 *(.init7)
 *(.init8)
 *(.init8)
 *(.init9)
 .init9         0x0000015a        0x8 /usr/lib/gcc/avr/4.8.2/../../../avr/lib/avr6/crtm2560.o
 *(.init9)
 *(.text)
 .text          0x00000162        0x4 /usr/lib/gcc/avr/4.8.2/../../../avr/lib/avr6/crtm2560.o
                0x00000162                __vector_38
                0x00000162                __vector_22
                0x00000162                __vector_28
                0x00000162                __vector_1
                0x00000162                __vector_32
                0x00000162                __vector_34
                0x00000162                __vector_24
                0x00000162                __vector_12
                0x00000162                __vector_55
                0x00000162                __vector_46
                0x00000162                __bad_interrupt
                0x00000162                __vector_6
                0x00000162                __vector_31
                0x00000162                __vector_35
                0x00000162                __vector_39
                0x00000162                __vector_3
                0x00000162                __vector_30
                0x00000162                __vector_45
                0x00000162                __vector_54
                0x00000162                __vector_17
                0x00000162                __vector_19
                0x00000162                __vector_56
                0x00000162                __vector_7
                0x00000162                __vector_49
                0x00000162                __vector_41
                0x00000162                __vector_43
                0x00000162                __vector_5
                0x00000162                __vector_33
                0x00000162                __vector_47
                0x00000162                __vector_52
                0x00000162                __vector_37
                0x00000162                __vector_4
                0x00000162                __vector_44
                0x00000162                __vector_51
                0x00000162                __vector_9
                0x00000162                __vector_2
                0x00000162                __vector_21
                0x00000162                __vector_15
                0x00000162                __vector_36
                0x00000162                __vector_29
                0x00000162                __vector_40
                0x00000162                __vector_8
                0x00000162                __vector_26
                0x00000162                __vector_48
                0x00000162                __vector_14
                0x00000162                __vector_53
                0x00000162                __vector_10
                0x00000162                __vector_50
                0x00000162                __vector_16
                0x00000162                __vector_18
                0x00000162                __vector_20
                0x00000162                __vector_42
 .text          0x00000166        0x0 ./dev/src/servo/servo.o
 .text          0x00000166        0x0 ./dev/src/quad/main.o
 .text          0x00000166        0x0 ./dev/src/motor/motor.o
 .text          0x00000166        0x0 ./dev/src/hal/accelerometer.o
 .text          0x00000166        0x0 ./dev/src/hal/gyro.o
 .text          0x00000166        0x0 ./dev/src/hal/i2c.o
 .text          0x00000166        0x0 ./dev/src/hal/input.o
 .text          0x00000166        0x0 ./dev/src/hal/kalman.o
 .text          0x00000166        0x0 ./dev/src/hal/pwm.o
 .text          0x00000166        0x0 ./dev/src/hal/time.o
 .text          0x00000166        0x0 ./dev/src/hal/timer.o
 .text          0x00000166        0x0 ./dev/src/hal/uart.o
 .text          0x00000166        0x0 ./dev/src/hal/wiring.o
 .text          0x00000166        0x0 /usr/lib/gcc/avr/4.8.2/avr6/libgcc.a(_udivmodhi4.o)
 .text          0x00000166        0x0 /usr/lib/gcc/avr/4.8.2/avr6/libgcc.a(_exit.o)
 .text          0x00000166        0x0 /usr/lib/gcc/avr/4.8.2/avr6/libgcc.a(_tablejump.o)
 .text          0x00000166        0x0 /usr/lib/gcc/avr/4.8.2/avr6/libgcc.a(_copy_data.o)
 .text          0x00000166        0x0 /usr/lib/gcc/avr/4.8.2/avr6/libgcc.a(_clear_bss.o)
 .text          0x00000166        0x0 /usr/lib/gcc/avr/4.8.2/../../../avr/lib/avr6/libm.a(addsf3.o)
 .text          0x00000166        0x0 /usr/lib/gcc/avr/4.8.2/../../../avr/lib/avr6/libm.a(addsf3x.o)
 .text          0x00000166        0x0 /usr/lib/gcc/avr/4.8.2/../../../avr/lib/avr6/libm.a(divsf3.o)
 .text          0x00000166        0x0 /usr/lib/gcc/avr/4.8.2/../../../avr/lib/avr6/libm.a(divsf3x.o)
 .text          0x00000166        0x0 /usr/lib/gcc/avr/4.8.2/../../../avr/lib/avr6/libm.a(fixsfsi.o)
 .text          0x00000166        0x0 /usr/lib/gcc/avr/4.8.2/../../../avr/lib/avr6/libm.a(fixunssfsi.o)
 .text          0x00000166        0x0 /usr/lib/gcc/avr/4.8.2/../../../avr/lib/avr6/libm.a(floatsisf.o)
 .text          0x00000166        0x0 /usr/lib/gcc/avr/4.8.2/../../../avr/lib/avr6/libm.a(fp_inf.o)
 .text          0x00000166        0x0 /usr/lib/gcc/avr/4.8.2/../../../avr/lib/avr6/libm.a(fp_nan.o)
 .text          0x00000166        0x0 /usr/lib/gcc/avr/4.8.2/../../../avr/lib/avr6/libm.a(fp_pscA.o)
 .text          0x00000166        0x0 /usr/lib/gcc/avr/4.8.2/../../../avr/lib/avr6/libm.a(fp_pscB.o)
 .text          0x00000166        0x0 /usr/lib/gcc/avr/4.8.2/../../../avr/lib/avr6/libm.a(fp_round.o)
 .text          0x00000166        0x0 /usr/lib/gcc/avr/4.8.2/../../../avr/lib/avr6/libm.a(fp_split3.o)
 .text          0x00000166        0x0 /usr/lib/gcc/avr/4.8.2/../../../avr/lib/avr6/libm.a(fp_zero.o)
 .text          0x00000166        0x0 /usr/lib/gcc/avr/4.8.2/../../../avr/lib/avr6/libm.a(mulsf3.o)
 .text          0x00000166        0x0 /usr/lib/gcc/avr/4.8.2/../../../avr/lib/avr6/libm.a(mulsf3x.o)
 .text          0x00000166        0x0 /usr/lib/gcc/avr/4.8.2/../../../avr/lib/avr6/libc.a(strcpy.o)
 .text          0x00000166        0x0 /usr/lib/gcc/avr/4.8.2/../../../avr/lib/avr6/libc.a(itoa.o)
 .text          0x00000166        0x0 /usr/lib/gcc/avr/4.8.2/../../../avr/lib/avr6/libc.a(sprintf.o)
 .text          0x00000166        0x0 /usr/lib/gcc/avr/4.8.2/../../../avr/lib/avr6/libc.a(vfprintf_std.o)
 .text          0x00000166        0x0 /usr/lib/gcc/avr/4.8.2/../../../avr/lib/avr6/libc.a(strnlen_P.o)
 .text          0x00000166        0x0 /usr/lib/gcc/avr/4.8.2/../../../avr/lib/avr6/libc.a(strnlen.o)
 .text          0x00000166        0x0 /usr/lib/gcc/avr/4.8.2/../../../avr/lib/avr6/libc.a(strrev.o)
 .text          0x00000166        0x0 /usr/lib/gcc/avr/4.8.2/../../../avr/lib/avr6/libc.a(fputc.o)
 .text          0x00000166        0x0 /usr/lib/gcc/avr/4.8.2/../../../avr/lib/avr6/libc.a(ultoa_invert.o)
                0x00000166                . = ALIGN (0x2)
 *(.text.*)
 .text.init_servo
                0x00000166       0x12 ./dev/src/servo/servo.o
                0x00000166                init_servo
 .text.set_servo_pos
                0x00000178        0x6 ./dev/src/servo/servo.o
                0x00000178                set_servo_pos
 .text.startup.main
                0x0000017e       0xd8 ./dev/src/quad/main.o
                0x0000017e                main
 .text.init_motor
                0x00000256       0x52 ./dev/src/motor/motor.o
                0x00000256                init_motor
 .text.set_throtle
                0x000002a8       0x2a ./dev/src/motor/motor.o
                0x000002a8                set_throtle
 .text.disable_motor
                0x000002d2       0x18 ./dev/src/motor/motor.o
                0x000002d2                disable_motor
 .text.init_accelerometer
                0x000002ea       0x88 ./dev/src/hal/accelerometer.o
                0x000002ea                init_accelerometer
 .text.ACC_Common
                0x00000372      0x17a ./dev/src/hal/accelerometer.o
                0x00000372                ACC_Common
 .text.accelerometer_get_data
                0x000004ec      0x12e ./dev/src/hal/accelerometer.o
                0x000004ec                accelerometer_get_data
 .text.init_gyro
                0x0000061a       0x5c ./dev/src/hal/gyro.o
                0x0000061a                init_gyro
 .text.gyro_get_temp
                0x00000676       0x52 ./dev/src/hal/gyro.o
                0x00000676                gyro_get_temp
 .text.GYRO_Common
                0x000006c8      0x13c ./dev/src/hal/gyro.o
                0x000006c8                GYRO_Common
 .text.gyro_get_data
                0x00000804       0xde ./dev/src/hal/gyro.o
                0x00000804                gyro_get_data
 .text.constrain
                0x000008e2       0x14 ./dev/src/hal/gyro.o
                0x000008e2                constrain
 .text.i2c_init
                0x000008f6       0x16 ./dev/src/hal/i2c.o
                0x000008f6                i2c_init
 .text.i2c_stop
                0x0000090c        0x8 ./dev/src/hal/i2c.o
                0x0000090c                i2c_stop
 .text.waitTransmissionI2C
                0x00000914       0x2c ./dev/src/hal/i2c.o
                0x00000914                waitTransmissionI2C
 .text.i2c_rep_start
                0x00000940       0x38 ./dev/src/hal/i2c.o
                0x00000940                i2c_rep_start
 .text.i2c_write
                0x00000978        0xe ./dev/src/hal/i2c.o
                0x00000978                i2c_write
 .text.i2c_read
                0x00000986       0x28 ./dev/src/hal/i2c.o
                0x00000986                i2c_read
 .text.i2c_readNak
                0x000009ae        0x6 ./dev/src/hal/i2c.o
                0x000009ae                i2c_readNak
 .text.i2c_readAck
                0x000009b4       0x10 ./dev/src/hal/i2c.o
                0x000009b4                i2c_readAck
 .text.i2c_read_to_buf
                0x000009c4       0x6e ./dev/src/hal/i2c.o
                0x000009c4                i2c_read_to_buf
 .text.i2c_read_reg_to_buf
                0x00000a32       0x44 ./dev/src/hal/i2c.o
                0x00000a32                i2c_read_reg_to_buf
 .text.swap_endianness
                0x00000a76       0x22 ./dev/src/hal/i2c.o
                0x00000a76                swap_endianness
 .text.i2c_getSixRawADC
                0x00000a98        0xc ./dev/src/hal/i2c.o
                0x00000a98                i2c_getSixRawADC
 .text.i2c_writeReg
                0x00000aa4       0x36 ./dev/src/hal/i2c.o
                0x00000aa4                i2c_writeReg
 .text.i2c_readReg
                0x00000ada       0x22 ./dev/src/hal/i2c.o
                0x00000ada                i2c_readReg
 .text.init_input
                0x00000afc       0x1c ./dev/src/hal/input.o
                0x00000afc                init_input
 .text.get_interrupt_pin_status
                0x00000b18       0x18 ./dev/src/hal/input.o
                0x00000b18                get_interrupt_pin_status
 .text.__vector_11
                0x00000b30      0x120 ./dev/src/hal/input.o
                0x00000b30                __vector_11
 .text.set_monitored_pin
                0x00000c50        0xa ./dev/src/hal/input.o
                0x00000c50                set_monitored_pin
 .text.stateUpdate
                0x00000c5a      0x194 ./dev/src/hal/kalman.o
                0x00000c5a                stateUpdate
 .text.kalmanUpdate
                0x00000dee      0x20c ./dev/src/hal/kalman.o
                0x00000dee                kalmanUpdate
 .text.init_pwm
                0x00000ffa       0xb2 ./dev/src/hal/pwm.o
                0x00000ffa                init_pwm
 .text.set_pwm  0x000010ac       0xb8 ./dev/src/hal/pwm.o
                0x000010ac                set_pwm
 .text.enable_pwm
                0x00001164        0x4 ./dev/src/hal/pwm.o
                0x00001164                enable_pwm
 .text.init_timer
                0x00001168        0xc ./dev/src/hal/time.o
                0x00001168                init_timer
 .text.read_timer
                0x00001174        0xa ./dev/src/hal/time.o
                0x00001174                read_timer
 .text.timerInit
                0x0000117e       0x24 ./dev/src/hal/timer.o
                0x0000117e                timerInit
 .text.__vector_13
                0x000011a2       0x4a ./dev/src/hal/timer.o
                0x000011a2                __vector_13
 .text.getMsTimer
                0x000011ec       0x16 ./dev/src/hal/timer.o
                0x000011ec                getMsTimer
 .text.uartInit
                0x00001202       0x16 ./dev/src/hal/uart.o
                0x00001202                uartInit
 .text.uart_putc
                0x00001218       0x12 ./dev/src/hal/uart.o
                0x00001218                uart_putc
 .text.uart_puts
                0x0000122a       0x18 ./dev/src/hal/uart.o
                0x0000122a                uart_puts
 .text.uart_puts_pgm
                0x00001242       0x22 ./dev/src/hal/uart.o
                0x00001242                uart_puts_pgm
 .text.uart_puti
                0x00001264       0x3c ./dev/src/hal/uart.o
                0x00001264                uart_puti
 .text.uart_getc
                0x000012a0        0xe ./dev/src/hal/uart.o
                0x000012a0                uart_getc
 .text.__vector_25
                0x000012ae       0x20 ./dev/src/hal/uart.o
                0x000012ae                __vector_25
 .text.__vector_27
                0x000012ce       0x54 ./dev/src/hal/uart.o
                0x000012ce                __vector_27
 .text.__vector_23
                0x00001322       0x94 ./dev/src/hal/wiring.o
                0x00001322                __vector_23
 .text.millis   0x000013b6       0x18 ./dev/src/hal/wiring.o
                0x000013b6                millis
 .text.micros   0x000013ce       0x5c ./dev/src/hal/wiring.o
                0x000013ce                micros
 .text.delay    0x0000142a       0x44 ./dev/src/hal/wiring.o
                0x0000142a                delay
 .text.delayMicroseconds
                0x0000146e       0x1c ./dev/src/hal/wiring.o
                0x0000146e                delayMicroseconds
 .text.init     0x0000148a       0x74 ./dev/src/hal/wiring.o
                0x0000148a                init
 .text.libgcc.mul
                0x000014fe        0x0 /usr/lib/gcc/avr/4.8.2/avr6/libgcc.a(_udivmodhi4.o)
 .text.libgcc.div
                0x000014fe       0x28 /usr/lib/gcc/avr/4.8.2/avr6/libgcc.a(_udivmodhi4.o)
                0x000014fe                __udivmodhi4
 .text.libgcc   0x00001526        0x0 /usr/lib/gcc/avr/4.8.2/avr6/libgcc.a(_udivmodhi4.o)
 .text.libgcc.prologue
                0x00001526        0x0 /usr/lib/gcc/avr/4.8.2/avr6/libgcc.a(_udivmodhi4.o)
 .text.libgcc.builtins
                0x00001526        0x0 /usr/lib/gcc/avr/4.8.2/avr6/libgcc.a(_udivmodhi4.o)
 .text.libgcc.fmul
                0x00001526        0x0 /usr/lib/gcc/avr/4.8.2/avr6/libgcc.a(_udivmodhi4.o)
 .text.libgcc.fixed
                0x00001526        0x0 /usr/lib/gcc/avr/4.8.2/avr6/libgcc.a(_udivmodhi4.o)
 .text.libgcc.mul
                0x00001526        0x0 /usr/lib/gcc/avr/4.8.2/avr6/libgcc.a(_exit.o)
 .text.libgcc.div
                0x00001526        0x0 /usr/lib/gcc/avr/4.8.2/avr6/libgcc.a(_exit.o)
 .text.libgcc   0x00001526        0x0 /usr/lib/gcc/avr/4.8.2/avr6/libgcc.a(_exit.o)
 .text.libgcc.prologue
                0x00001526        0x0 /usr/lib/gcc/avr/4.8.2/avr6/libgcc.a(_exit.o)
 .text.libgcc.builtins
                0x00001526        0x0 /usr/lib/gcc/avr/4.8.2/avr6/libgcc.a(_exit.o)
 .text.libgcc.fmul
                0x00001526        0x0 /usr/lib/gcc/avr/4.8.2/avr6/libgcc.a(_exit.o)
 .text.libgcc.fixed
                0x00001526        0x0 /usr/lib/gcc/avr/4.8.2/avr6/libgcc.a(_exit.o)
 .text.libgcc.mul
                0x00001526        0x0 /usr/lib/gcc/avr/4.8.2/avr6/libgcc.a(_tablejump.o)
 .text.libgcc.div
                0x00001526        0x0 /usr/lib/gcc/avr/4.8.2/avr6/libgcc.a(_tablejump.o)
 .text.libgcc   0x00001526        0xc /usr/lib/gcc/avr/4.8.2/avr6/libgcc.a(_tablejump.o)
                0x00001526                __tablejump2__
                0x0000152a                __tablejump__
 .text.libgcc.prologue
                0x00001532        0x0 /usr/lib/gcc/avr/4.8.2/avr6/libgcc.a(_tablejump.o)
 .text.libgcc.builtins
                0x00001532        0x0 /usr/lib/gcc/avr/4.8.2/avr6/libgcc.a(_tablejump.o)
 .text.libgcc.fmul
                0x00001532        0x0 /usr/lib/gcc/avr/4.8.2/avr6/libgcc.a(_tablejump.o)
 .text.libgcc.fixed
                0x00001532        0x0 /usr/lib/gcc/avr/4.8.2/avr6/libgcc.a(_tablejump.o)
 .text.libgcc.mul
                0x00001532        0x0 /usr/lib/gcc/avr/4.8.2/avr6/libgcc.a(_copy_data.o)
 .text.libgcc.div
                0x00001532        0x0 /usr/lib/gcc/avr/4.8.2/avr6/libgcc.a(_copy_data.o)
 .text.libgcc   0x00001532        0x0 /usr/lib/gcc/avr/4.8.2/avr6/libgcc.a(_copy_data.o)
 .text.libgcc.prologue
                0x00001532        0x0 /usr/lib/gcc/avr/4.8.2/avr6/libgcc.a(_copy_data.o)
 .text.libgcc.builtins
                0x00001532        0x0 /usr/lib/gcc/avr/4.8.2/avr6/libgcc.a(_copy_data.o)
 .text.libgcc.fmul
                0x00001532        0x0 /usr/lib/gcc/avr/4.8.2/avr6/libgcc.a(_copy_data.o)
 .text.libgcc.fixed
                0x00001532        0x0 /usr/lib/gcc/avr/4.8.2/avr6/libgcc.a(_copy_data.o)
 .text.libgcc.mul
                0x00001532        0x0 /usr/lib/gcc/avr/4.8.2/avr6/libgcc.a(_clear_bss.o)
 .text.libgcc.div
                0x00001532        0x0 /usr/lib/gcc/avr/4.8.2/avr6/libgcc.a(_clear_bss.o)
 .text.libgcc   0x00001532        0x0 /usr/lib/gcc/avr/4.8.2/avr6/libgcc.a(_clear_bss.o)
 .text.libgcc.prologue
                0x00001532        0x0 /usr/lib/gcc/avr/4.8.2/avr6/libgcc.a(_clear_bss.o)
 .text.libgcc.builtins
                0x00001532        0x0 /usr/lib/gcc/avr/4.8.2/avr6/libgcc.a(_clear_bss.o)
 .text.libgcc.fmul
                0x00001532        0x0 /usr/lib/gcc/avr/4.8.2/avr6/libgcc.a(_clear_bss.o)
 .text.libgcc.fixed
                0x00001532        0x0 /usr/lib/gcc/avr/4.8.2/avr6/libgcc.a(_clear_bss.o)
 .text.avr-libc.fplib
                0x00001532        0xa /usr/lib/gcc/avr/4.8.2/../../../avr/lib/avr6/libm.a(addsf3.o)
                0x00001532                __subsf3
                0x00001534                __addsf3
 .text.avr-libc.fplib
                0x0000153c       0xc0 /usr/lib/gcc/avr/4.8.2/../../../avr/lib/avr6/libm.a(addsf3x.o)
                0x00001556                __addsf3x
 .text.avr-libc.fplib
                0x000015fc        0x4 /usr/lib/gcc/avr/4.8.2/../../../avr/lib/avr6/libm.a(divsf3.o)
                0x000015fc                __divsf3
 .text.avr-libc.fplib
                0x00001600       0xcc /usr/lib/gcc/avr/4.8.2/../../../avr/lib/avr6/libm.a(divsf3x.o)
                0x00001616                __divsf3x
                0x0000161a                __divsf3_pse
 .text.avr-libc.fplib
                0x000016cc        0xa /usr/lib/gcc/avr/4.8.2/../../../avr/lib/avr6/libm.a(fixsfsi.o)
                0x000016cc                __fixsfsi
 .text.avr-libc.fplib
                0x000016d6       0x58 /usr/lib/gcc/avr/4.8.2/../../../avr/lib/avr6/libm.a(fixunssfsi.o)
                0x000016d6                __fixunssfsi
 .text.avr-libc.fplib
                0x0000172e       0x7a /usr/lib/gcc/avr/4.8.2/../../../avr/lib/avr6/libm.a(floatsisf.o)
                0x0000172e                __floatunsisf
                0x00001732                __floatsisf
 .text.avr-libc.fplib
                0x000017a8        0xc /usr/lib/gcc/avr/4.8.2/../../../avr/lib/avr6/libm.a(fp_inf.o)
                0x000017a8                __fp_inf
 .text.avr-libc.fplib
                0x000017b4        0x6 /usr/lib/gcc/avr/4.8.2/../../../avr/lib/avr6/libm.a(fp_nan.o)
                0x000017b4                __fp_nan
 .text.avr-libc.fplib
                0x000017ba        0xe /usr/lib/gcc/avr/4.8.2/../../../avr/lib/avr6/libm.a(fp_pscA.o)
                0x000017ba                __fp_pscA
 .text.avr-libc.fplib
                0x000017c8        0xe /usr/lib/gcc/avr/4.8.2/../../../avr/lib/avr6/libm.a(fp_pscB.o)
                0x000017c8                __fp_pscB
 .text.avr-libc.fplib
                0x000017d6       0x22 /usr/lib/gcc/avr/4.8.2/../../../avr/lib/avr6/libm.a(fp_round.o)
                0x000017d6                __fp_round
 .text.avr-libc.fplib
                0x000017f8       0x44 /usr/lib/gcc/avr/4.8.2/../../../avr/lib/avr6/libm.a(fp_split3.o)
                0x000017f8                __fp_split3
                0x00001808                __fp_splitA
 .text.avr-libc.fplib
                0x0000183c        0xe /usr/lib/gcc/avr/4.8.2/../../../avr/lib/avr6/libm.a(fp_zero.o)
                0x0000183c                __fp_zero
                0x0000183e                __fp_szero
 .text.avr-libc.fplib
                0x0000184a        0x4 /usr/lib/gcc/avr/4.8.2/../../../avr/lib/avr6/libm.a(mulsf3.o)
                0x0000184a                __mulsf3
 .text.avr-libc.fplib
                0x0000184e       0xc2 /usr/lib/gcc/avr/4.8.2/../../../avr/lib/avr6/libm.a(mulsf3x.o)
                0x00001862                __mulsf3x
                0x00001866                __mulsf3_pse
 .text.avr-libc
                0x00001910        0xe /usr/lib/gcc/avr/4.8.2/../../../avr/lib/avr6/libc.a(strcpy.o)
                0x00001910                strcpy
 .text.avr-libc
                0x0000191e       0x42 /usr/lib/gcc/avr/4.8.2/../../../avr/lib/avr6/libc.a(itoa.o)
                0x0000191e                itoa
 .text.avr-libc
                0x00001960       0x5e /usr/lib/gcc/avr/4.8.2/../../../avr/lib/avr6/libc.a(sprintf.o)
                0x00001960                sprintf
 .text.avr-libc
                0x000019be      0x3f6 /usr/lib/gcc/avr/4.8.2/../../../avr/lib/avr6/libc.a(vfprintf_std.o)
                0x000019be                vfprintf
 .text.avr-libc
                0x00001db4       0x16 /usr/lib/gcc/avr/4.8.2/../../../avr/lib/avr6/libc.a(strnlen_P.o)
                0x00001db4                strnlen_P
 .text.avr-libc
                0x00001dca       0x16 /usr/lib/gcc/avr/4.8.2/../../../avr/lib/avr6/libc.a(strnlen.o)
                0x00001dca                strnlen
 .text.avr-libc
                0x00001de0       0x20 /usr/lib/gcc/avr/4.8.2/../../../avr/lib/avr6/libc.a(strrev.o)
                0x00001de0                strrev
 .text.avr-libc
                0x00001e00       0x64 /usr/lib/gcc/avr/4.8.2/../../../avr/lib/avr6/libc.a(fputc.o)
                0x00001e00                fputc
 .text.avr-libc
                0x00001e64       0xbc /usr/lib/gcc/avr/4.8.2/../../../avr/lib/avr6/libc.a(ultoa_invert.o)
                0x00001e64                __ultoa_invert
                0x00001f20                . = ALIGN (0x2)
 *(.fini9)
 .fini9         0x00001f20        0x0 /usr/lib/gcc/avr/4.8.2/avr6/libgcc.a(_exit.o)
                0x00001f20                exit
                0x00001f20                _exit
 *(.fini9)
 *(.fini8)
 *(.fini8)
 *(.fini7)
 *(.fini7)
 *(.fini6)
 *(.fini6)
 *(.fini5)
 *(.fini5)
 *(.fini4)
 *(.fini4)
 *(.fini3)
 *(.fini3)
 *(.fini2)
 *(.fini2)
 *(.fini1)
 *(.fini1)
 *(.fini0)
 .fini0         0x00001f20        0x4 /usr/lib/gcc/avr/4.8.2/avr6/libgcc.a(_exit.o)
 *(.fini0)
                0x00001f24                _etext = .

.data           0x00800200       0x66 carregando endereço 0x00001f24
                0x00800200                PROVIDE (__data_start, .)
 *(.data)
 .data          0x00800200        0x0 /usr/lib/gcc/avr/4.8.2/../../../avr/lib/avr6/crtm2560.o
 .data          0x00800200        0x0 ./dev/src/servo/servo.o
 .data          0x00800200        0x0 ./dev/src/quad/main.o
 .data          0x00800200        0x0 ./dev/src/motor/motor.o
 .data          0x00800200        0x0 ./dev/src/hal/accelerometer.o
 .data          0x00800200        0x0 ./dev/src/hal/gyro.o
 .data          0x00800200        0x0 ./dev/src/hal/i2c.o
 .data          0x00800200        0x0 ./dev/src/hal/input.o
 .data          0x00800200        0x0 ./dev/src/hal/kalman.o
 .data          0x00800200        0x0 ./dev/src/hal/pwm.o
 .data          0x00800200        0x0 ./dev/src/hal/time.o
 .data          0x00800200        0x0 ./dev/src/hal/timer.o
 .data          0x00800200        0x0 ./dev/src/hal/uart.o
 .data          0x00800200        0x0 ./dev/src/hal/wiring.o
 .data          0x00800200        0x0 /usr/lib/gcc/avr/4.8.2/avr6/libgcc.a(_udivmodhi4.o)
 .data          0x00800200        0x0 /usr/lib/gcc/avr/4.8.2/avr6/libgcc.a(_exit.o)
 .data          0x00800200        0x0 /usr/lib/gcc/avr/4.8.2/avr6/libgcc.a(_tablejump.o)
 .data          0x00800200        0x0 /usr/lib/gcc/avr/4.8.2/avr6/libgcc.a(_copy_data.o)
 .data          0x00800200        0x0 /usr/lib/gcc/avr/4.8.2/avr6/libgcc.a(_clear_bss.o)
 .data          0x00800200        0x0 /usr/lib/gcc/avr/4.8.2/../../../avr/lib/avr6/libm.a(addsf3.o)
 .data          0x00800200        0x0 /usr/lib/gcc/avr/4.8.2/../../../avr/lib/avr6/libm.a(addsf3x.o)
 .data          0x00800200        0x0 /usr/lib/gcc/avr/4.8.2/../../../avr/lib/avr6/libm.a(divsf3.o)
 .data          0x00800200        0x0 /usr/lib/gcc/avr/4.8.2/../../../avr/lib/avr6/libm.a(divsf3x.o)
 .data          0x00800200        0x0 /usr/lib/gcc/avr/4.8.2/../../../avr/lib/avr6/libm.a(fixsfsi.o)
 .data          0x00800200        0x0 /usr/lib/gcc/avr/4.8.2/../../../avr/lib/avr6/libm.a(fixunssfsi.o)
 .data          0x00800200        0x0 /usr/lib/gcc/avr/4.8.2/../../../avr/lib/avr6/libm.a(floatsisf.o)
 .data          0x00800200        0x0 /usr/lib/gcc/avr/4.8.2/../../../avr/lib/avr6/libm.a(fp_inf.o)
 .data          0x00800200        0x0 /usr/lib/gcc/avr/4.8.2/../../../avr/lib/avr6/libm.a(fp_nan.o)
 .data          0x00800200        0x0 /usr/lib/gcc/avr/4.8.2/../../../avr/lib/avr6/libm.a(fp_pscA.o)
 .data          0x00800200        0x0 /usr/lib/gcc/avr/4.8.2/../../../avr/lib/avr6/libm.a(fp_pscB.o)
 .data          0x00800200        0x0 /usr/lib/gcc/avr/4.8.2/../../../avr/lib/avr6/libm.a(fp_round.o)
 .data          0x00800200        0x0 /usr/lib/gcc/avr/4.8.2/../../../avr/lib/avr6/libm.a(fp_split3.o)
 .data          0x00800200        0x0 /usr/lib/gcc/avr/4.8.2/../../../avr/lib/avr6/libm.a(fp_zero.o)
 .data          0x00800200        0x0 /usr/lib/gcc/avr/4.8.2/../../../avr/lib/avr6/libm.a(mulsf3.o)
 .data          0x00800200        0x0 /usr/lib/gcc/avr/4.8.2/../../../avr/lib/avr6/libm.a(mulsf3x.o)
 .data          0x00800200        0x0 /usr/lib/gcc/avr/4.8.2/../../../avr/lib/avr6/libc.a(strcpy.o)
 .data          0x00800200        0x0 /usr/lib/gcc/avr/4.8.2/../../../avr/lib/avr6/libc.a(itoa.o)
 .data          0x00800200        0x0 /usr/lib/gcc/avr/4.8.2/../../../avr/lib/avr6/libc.a(sprintf.o)
 .data          0x00800200        0x0 /usr/lib/gcc/avr/4.8.2/../../../avr/lib/avr6/libc.a(vfprintf_std.o)
 .data          0x00800200        0x0 /usr/lib/gcc/avr/4.8.2/../../../avr/lib/avr6/libc.a(strnlen_P.o)
 .data          0x00800200        0x0 /usr/lib/gcc/avr/4.8.2/../../../avr/lib/avr6/libc.a(strnlen.o)
 .data          0x00800200        0x0 /usr/lib/gcc/avr/4.8.2/../../../avr/lib/avr6/libc.a(strrev.o)
 .data          0x00800200        0x0 /usr/lib/gcc/avr/4.8.2/../../../avr/lib/avr6/libc.a(fputc.o)
 .data          0x00800200        0x0 /usr/lib/gcc/avr/4.8.2/../../../avr/lib/avr6/libc.a(ultoa_invert.o)
 *(.data*)
 .data.value    0x00800200        0x2 ./dev/src/quad/main.o
                0x00800200                value
 .data.buffer   0x00800202       0x28 ./dev/src/quad/main.o
                0x00800202                buffer
 .data.calibratingA
                0x0080022a        0x2 ./dev/src/hal/accelerometer.o
                0x0080022a                calibratingA
 .data.P        0x0080022c       0x10 ./dev/src/hal/kalman.o
 *(.rodata)
 *(.rodata*)
 .rodata.str1.1
                0x0080023c       0x1a ./dev/src/quad/main.o
                                 0x1d (tamanho de relaxar)
 .rodata.str1.1
                0x00800256        0xf ./dev/src/hal/uart.o
 *(.gnu.linkonce.d*)
                0x00800266                . = ALIGN (0x2)
 *fill*         0x00800265        0x1 
                0x00800266                _edata = .
                0x00800266                PROVIDE (__data_end, .)

.bss            0x00800266      0x13b
                0x00800266                PROVIDE (__bss_start, .)
 *(.bss)
 .bss           0x00800266        0x0 /usr/lib/gcc/avr/4.8.2/../../../avr/lib/avr6/crtm2560.o
 .bss           0x00800266        0x0 ./dev/src/servo/servo.o
 .bss           0x00800266        0x0 ./dev/src/quad/main.o
 .bss           0x00800266        0x0 ./dev/src/motor/motor.o
 .bss           0x00800266        0x0 ./dev/src/hal/accelerometer.o
 .bss           0x00800266        0x0 ./dev/src/hal/gyro.o
 .bss           0x00800266        0x0 ./dev/src/hal/i2c.o
 .bss           0x00800266        0x0 ./dev/src/hal/input.o
 .bss           0x00800266        0x0 ./dev/src/hal/kalman.o
 .bss           0x00800266        0x0 ./dev/src/hal/pwm.o
 .bss           0x00800266        0x0 ./dev/src/hal/time.o
 .bss           0x00800266        0x0 ./dev/src/hal/timer.o
 .bss           0x00800266        0x0 ./dev/src/hal/uart.o
 .bss           0x00800266        0x0 ./dev/src/hal/wiring.o
 .bss           0x00800266        0x0 /usr/lib/gcc/avr/4.8.2/avr6/libgcc.a(_udivmodhi4.o)
 .bss           0x00800266        0x0 /usr/lib/gcc/avr/4.8.2/avr6/libgcc.a(_exit.o)
 .bss           0x00800266        0x0 /usr/lib/gcc/avr/4.8.2/avr6/libgcc.a(_tablejump.o)
 .bss           0x00800266        0x0 /usr/lib/gcc/avr/4.8.2/avr6/libgcc.a(_copy_data.o)
 .bss           0x00800266        0x0 /usr/lib/gcc/avr/4.8.2/avr6/libgcc.a(_clear_bss.o)
 .bss           0x00800266        0x0 /usr/lib/gcc/avr/4.8.2/../../../avr/lib/avr6/libm.a(addsf3.o)
 .bss           0x00800266        0x0 /usr/lib/gcc/avr/4.8.2/../../../avr/lib/avr6/libm.a(addsf3x.o)
 .bss           0x00800266        0x0 /usr/lib/gcc/avr/4.8.2/../../../avr/lib/avr6/libm.a(divsf3.o)
 .bss           0x00800266        0x0 /usr/lib/gcc/avr/4.8.2/../../../avr/lib/avr6/libm.a(divsf3x.o)
 .bss           0x00800266        0x0 /usr/lib/gcc/avr/4.8.2/../../../avr/lib/avr6/libm.a(fixsfsi.o)
 .bss           0x00800266        0x0 /usr/lib/gcc/avr/4.8.2/../../../avr/lib/avr6/libm.a(fixunssfsi.o)
 .bss           0x00800266        0x0 /usr/lib/gcc/avr/4.8.2/../../../avr/lib/avr6/libm.a(floatsisf.o)
 .bss           0x00800266        0x0 /usr/lib/gcc/avr/4.8.2/../../../avr/lib/avr6/libm.a(fp_inf.o)
 .bss           0x00800266        0x0 /usr/lib/gcc/avr/4.8.2/../../../avr/lib/avr6/libm.a(fp_nan.o)
 .bss           0x00800266        0x0 /usr/lib/gcc/avr/4.8.2/../../../avr/lib/avr6/libm.a(fp_pscA.o)
 .bss           0x00800266        0x0 /usr/lib/gcc/avr/4.8.2/../../../avr/lib/avr6/libm.a(fp_pscB.o)
 .bss           0x00800266        0x0 /usr/lib/gcc/avr/4.8.2/../../../avr/lib/avr6/libm.a(fp_round.o)
 .bss           0x00800266        0x0 /usr/lib/gcc/avr/4.8.2/../../../avr/lib/avr6/libm.a(fp_split3.o)
 .bss           0x00800266        0x0 /usr/lib/gcc/avr/4.8.2/../../../avr/lib/avr6/libm.a(fp_zero.o)
 .bss           0x00800266        0x0 /usr/lib/gcc/avr/4.8.2/../../../avr/lib/avr6/libm.a(mulsf3.o)
 .bss           0x00800266        0x0 /usr/lib/gcc/avr/4.8.2/../../../avr/lib/avr6/libm.a(mulsf3x.o)
 .bss           0x00800266        0x0 /usr/lib/gcc/avr/4.8.2/../../../avr/lib/avr6/libc.a(strcpy.o)
 .bss           0x00800266        0x0 /usr/lib/gcc/avr/4.8.2/../../../avr/lib/avr6/libc.a(itoa.o)
 .bss           0x00800266        0x0 /usr/lib/gcc/avr/4.8.2/../../../avr/lib/avr6/libc.a(sprintf.o)
 .bss           0x00800266        0x0 /usr/lib/gcc/avr/4.8.2/../../../avr/lib/avr6/libc.a(vfprintf_std.o)
 .bss           0x00800266        0x0 /usr/lib/gcc/avr/4.8.2/../../../avr/lib/avr6/libc.a(strnlen_P.o)
 .bss           0x00800266        0x0 /usr/lib/gcc/avr/4.8.2/../../../avr/lib/avr6/libc.a(strnlen.o)
 .bss           0x00800266        0x0 /usr/lib/gcc/avr/4.8.2/../../../avr/lib/avr6/libc.a(strrev.o)
 .bss           0x00800266        0x0 /usr/lib/gcc/avr/4.8.2/../../../avr/lib/avr6/libc.a(fputc.o)
 .bss           0x00800266        0x0 /usr/lib/gcc/avr/4.8.2/../../../avr/lib/avr6/libc.a(ultoa_invert.o)
 *(.bss*)
 .bss.a.1873    0x00800266        0xc ./dev/src/hal/accelerometer.o
 .bss.errorAltitudeI
                0x00800272        0x2 ./dev/src/hal/accelerometer.o
                0x00800272                errorAltitudeI
 .bss.BaroPID   0x00800274        0x2 ./dev/src/hal/accelerometer.o
                0x00800274                BaroPID
 .bss.cycleTime
                0x00800276        0x2 ./dev/src/hal/accelerometer.o
                0x00800276                cycleTime
 .bss.previousGyroADC.1873
                0x00800278        0x6 ./dev/src/hal/gyro.o
 .bss.g.1874    0x0080027e        0xc ./dev/src/hal/gyro.o
 .bss.i2c_errors_count
                0x0080028a        0x2 ./dev/src/hal/i2c.o
                0x0080028a                i2c_errors_count
 .bss.last_input_state.1492
                0x0080028c        0x1 ./dev/src/hal/input.o
 .bss.started   0x0080028d        0x1 ./dev/src/hal/input.o
                0x0080028d                started
 .bss.receiver_mask
                0x0080028e        0x1 ./dev/src/hal/input.o
                0x0080028e                receiver_mask
 .bss.pin_pos   0x0080028f        0x1 ./dev/src/hal/input.o
                0x0080028f                pin_pos
 .bss.positive  0x00800290       0x10 ./dev/src/hal/input.o
                0x00800290                positive
 .bss.end_pos   0x008002a0       0x10 ./dev/src/hal/input.o
                0x008002a0                end_pos
 .bss.start_pos
                0x008002b0       0x10 ./dev/src/hal/input.o
                0x008002b0                start_pos
 .bss.delta     0x008002c0        0x2 ./dev/src/hal/input.o
                0x008002c0                delta
 .bss.input_uart
                0x008002c2        0x1 ./dev/src/hal/uart.o
                0x008002c2                input_uart
 .bss.timer0_fract
                0x008002c3        0x1 ./dev/src/hal/wiring.o
 .bss.timer0_millis
                0x008002c4        0x4 ./dev/src/hal/wiring.o
                0x008002c4                timer0_millis
 .bss.timer0_overflow_count
                0x008002c8        0x4 ./dev/src/hal/wiring.o
                0x008002c8                timer0_overflow_count
 *(COMMON)
 COMMON         0x008002cc        0x6 ./dev/src/quad/main.o
                0x008002cc                data
 COMMON         0x008002d2       0xad ./dev/src/hal/accelerometer.o
                0x008002d2                conf
                0x00800339                sonarAlt
                0x0080033b                imu
                0x0080035b                magHold
                0x0080035d                rawADC
                0x00800363                AltHold
                0x00800367                previousTime
                0x00800369                headFreeModeHold
                0x0080036b                global_conf
                0x0080037b                currentTime
 COMMON         0x0080037f       0x12 ./dev/src/hal/gyro.o
                0x0080037f                gyroZero
                0x00800387                calibratingG
                0x00800389                Gyro_Accum
                0x0080038f                calibratingB
 COMMON         0x00800391        0xc ./dev/src/hal/kalman.o
                0x00800391                rate
                0x00800395                q_bias
                0x00800399                angle
 COMMON         0x0080039d        0x4 ./dev/src/hal/timer.o
                0x0080039d                ms_timer
                0x008003a1                PROVIDE (__bss_end, .)
                0x00001f24                __data_load_start = LOADADDR (.data)
                0x00001f8a                __data_load_end = (__data_load_start + SIZEOF (.data))

.noinit         0x008003a1        0x0
                0x008003a1                PROVIDE (__noinit_start, .)
 *(.noinit*)
                0x008003a1                PROVIDE (__noinit_end, .)
                0x008003a1                _end = .
                0x008003a1                PROVIDE (__heap_start, .)

.eeprom         0x00810000        0x0
 *(.eeprom*)
                0x00810000                __eeprom_end = .

.fuse
 *(.fuse)
 *(.lfuse)
 *(.hfuse)
 *(.efuse)

.lock
 *(.lock*)

.signature
 *(.signature*)

.user_signatures
 *(.user_signatures*)

.stab           0x00000000     0x3e64
 *(.stab)
 .stab          0x00000000      0x6e4 /usr/lib/gcc/avr/4.8.2/../../../avr/lib/avr6/crtm2560.o
 .stab          0x000006e4       0x78 /usr/lib/gcc/avr/4.8.2/../../../avr/lib/avr6/libm.a(addsf3.o)
                                 0x84 (tamanho de relaxar)
 .stab          0x0000075c      0x4bc /usr/lib/gcc/avr/4.8.2/../../../avr/lib/avr6/libm.a(addsf3x.o)
                                0x4c8 (tamanho de relaxar)
 .stab          0x00000c18       0x48 /usr/lib/gcc/avr/4.8.2/../../../avr/lib/avr6/libm.a(divsf3.o)
                                 0x54 (tamanho de relaxar)
 .stab          0x00000c60      0x510 /usr/lib/gcc/avr/4.8.2/../../../avr/lib/avr6/libm.a(divsf3x.o)
                                0x51c (tamanho de relaxar)
 .stab          0x00001170       0x6c /usr/lib/gcc/avr/4.8.2/../../../avr/lib/avr6/libm.a(fixsfsi.o)
                                 0x78 (tamanho de relaxar)
 .stab          0x000011dc      0x240 /usr/lib/gcc/avr/4.8.2/../../../avr/lib/avr6/libm.a(fixunssfsi.o)
                                0x24c (tamanho de relaxar)
 .stab          0x0000141c      0x318 /usr/lib/gcc/avr/4.8.2/../../../avr/lib/avr6/libm.a(floatsisf.o)
                                0x324 (tamanho de relaxar)
 .stab          0x00001734       0x78 /usr/lib/gcc/avr/4.8.2/../../../avr/lib/avr6/libm.a(fp_inf.o)
                                 0x84 (tamanho de relaxar)
 .stab          0x000017ac       0x54 /usr/lib/gcc/avr/4.8.2/../../../avr/lib/avr6/libm.a(fp_nan.o)
                                 0x60 (tamanho de relaxar)
 .stab          0x00001800       0x84 /usr/lib/gcc/avr/4.8.2/../../../avr/lib/avr6/libm.a(fp_pscA.o)
                                 0x90 (tamanho de relaxar)
 .stab          0x00001884       0x84 /usr/lib/gcc/avr/4.8.2/../../../avr/lib/avr6/libm.a(fp_pscB.o)
                                 0x90 (tamanho de relaxar)
 .stab          0x00001908       0xfc /usr/lib/gcc/avr/4.8.2/../../../avr/lib/avr6/libm.a(fp_round.o)
                                0x108 (tamanho de relaxar)
 .stab          0x00001a04      0x1d4 /usr/lib/gcc/avr/4.8.2/../../../avr/lib/avr6/libm.a(fp_split3.o)
                                0x1e0 (tamanho de relaxar)
 .stab          0x00001bd8       0x90 /usr/lib/gcc/avr/4.8.2/../../../avr/lib/avr6/libm.a(fp_zero.o)
                                 0x9c (tamanho de relaxar)
 .stab          0x00001c68       0x48 /usr/lib/gcc/avr/4.8.2/../../../avr/lib/avr6/libm.a(mulsf3.o)
                                 0x54 (tamanho de relaxar)
 .stab          0x00001cb0      0x4d4 /usr/lib/gcc/avr/4.8.2/../../../avr/lib/avr6/libm.a(mulsf3x.o)
                                0x4e0 (tamanho de relaxar)
 .stab          0x00002184       0x6c /usr/lib/gcc/avr/4.8.2/../../../avr/lib/avr6/libc.a(strcpy.o)
                                 0x78 (tamanho de relaxar)
 .stab          0x000021f0      0x1b0 /usr/lib/gcc/avr/4.8.2/../../../avr/lib/avr6/libc.a(itoa.o)
                                0x1bc (tamanho de relaxar)
 .stab          0x000023a0      0x540 /usr/lib/gcc/avr/4.8.2/../../../avr/lib/avr6/libc.a(sprintf.o)
                                0x54c (tamanho de relaxar)
 .stab          0x000028e0      0xba0 /usr/lib/gcc/avr/4.8.2/../../../avr/lib/avr6/libc.a(vfprintf_std.o)
                                0xd80 (tamanho de relaxar)
 .stab          0x00003480       0x9c /usr/lib/gcc/avr/4.8.2/../../../avr/lib/avr6/libc.a(strnlen_P.o)
                                 0xa8 (tamanho de relaxar)
 .stab          0x0000351c       0x9c /usr/lib/gcc/avr/4.8.2/../../../avr/lib/avr6/libc.a(strnlen.o)
                                 0xa8 (tamanho de relaxar)
 .stab          0x000035b8       0xd8 /usr/lib/gcc/avr/4.8.2/../../../avr/lib/avr6/libc.a(strrev.o)
                                 0xe4 (tamanho de relaxar)
 .stab          0x00003690      0x354 /usr/lib/gcc/avr/4.8.2/../../../avr/lib/avr6/libc.a(fputc.o)
                                0x534 (tamanho de relaxar)
 .stab          0x000039e4      0x480 /usr/lib/gcc/avr/4.8.2/../../../avr/lib/avr6/libc.a(ultoa_invert.o)
                                0x48c (tamanho de relaxar)

.stabstr        0x00000000     0x1333
 *(.stabstr)
 .stabstr       0x00000000     0x1333 /usr/lib/gcc/avr/4.8.2/../../../avr/lib/avr6/crtm2560.o

.stab.excl
 *(.stab.excl)

.stab.exclstr
 *(.stab.exclstr)

.stab.index
 *(.stab.index)

.stab.indexstr
 *(.stab.indexstr)

.comment        0x00000000       0x11
 *(.comment)
 .comment       0x00000000       0x11 ./dev/src/servo/servo.o
                                 0x12 (tamanho de relaxar)
 .comment       0x00000000       0x12 ./dev/src/quad/main.o
 .comment       0x00000000       0x12 ./dev/src/motor/motor.o
 .comment       0x00000000       0x12 ./dev/src/hal/accelerometer.o
 .comment       0x00000000       0x12 ./dev/src/hal/gyro.o
 .comment       0x00000000       0x12 ./dev/src/hal/i2c.o
 .comment       0x00000000       0x12 ./dev/src/hal/input.o
 .comment       0x00000000       0x12 ./dev/src/hal/kalman.o
 .comment       0x00000000       0x12 ./dev/src/hal/pwm.o
 .comment       0x00000000       0x12 ./dev/src/hal/time.o
 .comment       0x00000000       0x12 ./dev/src/hal/timer.o
 .comment       0x00000000       0x12 ./dev/src/hal/uart.o
 .comment       0x00000000       0x12 ./dev/src/hal/wiring.o
 .comment       0x00000000       0x12 /usr/lib/gcc/avr/4.8.2/../../../avr/lib/avr6/libc.a(sprintf.o)
 .comment       0x00000000       0x12 /usr/lib/gcc/avr/4.8.2/../../../avr/lib/avr6/libc.a(vfprintf_std.o)
 .comment       0x00000000       0x12 /usr/lib/gcc/avr/4.8.2/../../../avr/lib/avr6/libc.a(fputc.o)

.debug
 *(.debug)

.line
 *(.line)

.debug_srcinfo
 *(.debug_srcinfo)

.debug_sfnames
 *(.debug_sfnames)

.debug_aranges
 *(.debug_aranges)

.debug_pubnames
 *(.debug_pubnames)

.debug_info
 *(.debug_info)
 *(.gnu.linkonce.wi.*)

.debug_abbrev
 *(.debug_abbrev)

.debug_line
 *(.debug_line)

.debug_frame
 *(.debug_frame)

.debug_str
 *(.debug_str)

.debug_loc
 *(.debug_loc)

.debug_macinfo
 *(.debug_macinfo)

.debug_pubtypes
 *(.debug_pubtypes)

.debug_ranges
 *(.debug_ranges)

.debug_macro
 *(.debug_macro)
OUTPUT(quadcopter.elf elf32-avr)
LOAD linker stubs
