Archive member included because of file (symbol)

/usr/lib/gcc/avr/4.7.0/avr6/libgcc.a(_udivmodhi4.o)
                              ./dev/src/hal/gyro.o (__udivmodhi4)
/usr/lib/gcc/avr/4.7.0/avr6/libgcc.a(_exit.o)
                              /usr/lib/gcc/avr/4.7.0/../../../avr/lib/avr6/crtm2560.o (exit)
/usr/lib/gcc/avr/4.7.0/avr6/libgcc.a(_copy_data.o)
                              ./dev/src/quad/main.o (__do_copy_data)
/usr/lib/gcc/avr/4.7.0/avr6/libgcc.a(_clear_bss.o)
                              ./dev/src/hal/accelerometer.o (__do_clear_bss)
/usr/lib/gcc/avr/4.7.0/avr6/libgcc.a(_addsub_sf.o)
                              ./dev/src/hal/kalman.o (__addsf3)
/usr/lib/gcc/avr/4.7.0/avr6/libgcc.a(_mul_sf.o)
                              ./dev/src/hal/kalman.o (__mulsf3)
/usr/lib/gcc/avr/4.7.0/avr6/libgcc.a(_div_sf.o)
                              ./dev/src/hal/kalman.o (__divsf3)
/usr/lib/gcc/avr/4.7.0/avr6/libgcc.a(_thenan_sf.o)
                              /usr/lib/gcc/avr/4.7.0/avr6/libgcc.a(_addsub_sf.o) (__thenan_sf)
/usr/lib/gcc/avr/4.7.0/avr6/libgcc.a(_prologue.o)
                              /usr/lib/gcc/avr/4.7.0/avr6/libgcc.a(_addsub_sf.o) (__prologue_saves__)
/usr/lib/gcc/avr/4.7.0/avr6/libgcc.a(_epilogue.o)
                              /usr/lib/gcc/avr/4.7.0/avr6/libgcc.a(_addsub_sf.o) (__epilogue_restores__)
/usr/lib/gcc/avr/4.7.0/avr6/libgcc.a(_pack_sf.o)
                              /usr/lib/gcc/avr/4.7.0/avr6/libgcc.a(_addsub_sf.o) (__pack_f)
/usr/lib/gcc/avr/4.7.0/avr6/libgcc.a(_unpack_sf.o)
                              /usr/lib/gcc/avr/4.7.0/avr6/libgcc.a(_addsub_sf.o) (__unpack_f)
/usr/lib/gcc/avr/4.7.0/../../../avr/lib/avr6/libc.a(itoa.o)
                              ./dev/src/hal/uart.o (itoa)
/usr/lib/gcc/avr/4.7.0/../../../avr/lib/avr6/libc.a(strrev.o)
                              /usr/lib/gcc/avr/4.7.0/../../../avr/lib/avr6/libc.a(itoa.o) (strrev)

Allocating common symbols
Common symbol       size              file

gyroZero            0x8               ./dev/src/hal/gyro.o
rate                0x4               ./dev/src/hal/kalman.o
calibratingA        0x2               ./dev/src/hal/accelerometer.o
conf                0x67              ./dev/src/hal/accelerometer.o
sonarAlt            0x2               ./dev/src/hal/accelerometer.o
imu                 0x20              ./dev/src/hal/accelerometer.o
calibratingG        0x2               ./dev/src/hal/gyro.o
magHold             0x2               ./dev/src/hal/accelerometer.o
rawADC              0x6               ./dev/src/hal/accelerometer.o
q_bias              0x4               ./dev/src/hal/kalman.o
angle               0x4               ./dev/src/hal/kalman.o
Gyro_Accum          0x6               ./dev/src/hal/gyro.o
AltHold             0x4               ./dev/src/hal/accelerometer.o
previousTime        0x2               ./dev/src/hal/accelerometer.o
calibratingB        0x2               ./dev/src/hal/gyro.o
headFreeModeHold    0x2               ./dev/src/hal/accelerometer.o
ms_timer            0x4               ./dev/src/hal/timer.o
global_conf         0x10              ./dev/src/hal/accelerometer.o
currentTime         0x4               ./dev/src/hal/accelerometer.o

Memory Configuration

Name             Origin             Length             Attributes
text             0x0000000000000000 0x0000000000100000 xr
data             0x0000000000800200 0x000000000000fe00 rw !x
eeprom           0x0000000000810000 0x0000000000010000 rw !x
fuse             0x0000000000820000 0x0000000000000400 rw !x
lock             0x0000000000830000 0x0000000000000400 rw !x
signature        0x0000000000840000 0x0000000000000400 rw !x
*default*        0x0000000000000000 0xffffffffffffffff

Linker script and memory map

Address of section .data set to 0x800200
LOAD /usr/lib/gcc/avr/4.7.0/../../../avr/lib/avr6/crtm2560.o
LOAD ./dev/src/servo/servo.o
LOAD ./dev/src/quad/main.o
LOAD ./dev/src/motor/motor.o
LOAD ./dev/src/hal/accelerometer.o
LOAD ./dev/src/hal/gyro.o
LOAD ./dev/src/hal/i2c.o
LOAD ./dev/src/hal/input.o
LOAD ./dev/src/hal/kalman.o
LOAD ./dev/src/hal/pwm.o
LOAD ./dev/src/hal/servo.o
LOAD ./dev/src/hal/time.o
LOAD ./dev/src/hal/timer.o
LOAD ./dev/src/hal/uart.o
LOAD ./dev/src/hal/wiring.o
LOAD /usr/lib/gcc/avr/4.7.0/avr6/libgcc.a
LOAD /usr/lib/gcc/avr/4.7.0/../../../avr/lib/avr6/libc.a
LOAD /usr/lib/gcc/avr/4.7.0/avr6/libgcc.a

.hash
 *(.hash)

.dynsym
 *(.dynsym)

.dynstr
 *(.dynstr)

.gnu.version
 *(.gnu.version)

.gnu.version_d
 *(.gnu.version_d)

.gnu.version_r
 *(.gnu.version_r)

.rel.init
 *(.rel.init)

.rela.init
 *(.rela.init)

.rel.text
 *(.rel.text)
 *(.rel.text.*)
 *(.rel.gnu.linkonce.t*)

.rela.text
 *(.rela.text)
 *(.rela.text.*)
 *(.rela.gnu.linkonce.t*)

.rel.fini
 *(.rel.fini)

.rela.fini
 *(.rela.fini)

.rel.rodata
 *(.rel.rodata)
 *(.rel.rodata.*)
 *(.rel.gnu.linkonce.r*)

.rela.rodata
 *(.rela.rodata)
 *(.rela.rodata.*)
 *(.rela.gnu.linkonce.r*)

.rel.data
 *(.rel.data)
 *(.rel.data.*)
 *(.rel.gnu.linkonce.d*)

.rela.data
 *(.rela.data)
 *(.rela.data.*)
 *(.rela.gnu.linkonce.d*)

.rel.ctors
 *(.rel.ctors)

.rela.ctors
 *(.rela.ctors)

.rel.dtors
 *(.rel.dtors)

.rela.dtors
 *(.rela.dtors)

.rel.got
 *(.rel.got)

.rela.got
 *(.rela.got)

.rel.bss
 *(.rel.bss)

.rela.bss
 *(.rela.bss)

.rel.plt
 *(.rel.plt)

.rela.plt
 *(.rela.plt)

.text           0x0000000000000000     0x1e68
 *(.vectors)
 .vectors       0x0000000000000000       0xe4 /usr/lib/gcc/avr/4.7.0/../../../avr/lib/avr6/crtm2560.o
                0x0000000000000000                __vectors
                0x0000000000000000                __vector_default
 *(.vectors)
 *(.progmem.gcc*)
 *(.progmem*)
                0x00000000000000e4                . = ALIGN (0x2)
                0x00000000000000e4                __trampolines_start = .
 *(.trampolines)
 .trampolines   0x00000000000000e4        0x0 linker stubs
 *(.trampolines*)
                0x00000000000000e4                __trampolines_end = .
 *(.jumptables)
 *(.jumptables*)
 *(.lowtext)
 *(.lowtext*)
                0x00000000000000e4                __ctors_start = .
 *(.ctors)
                0x00000000000000e4                __ctors_end = .
                0x00000000000000e4                __dtors_start = .
 *(.dtors)
                0x00000000000000e4                __dtors_end = .
 SORT(*)(.ctors)
 SORT(*)(.dtors)
 *(.init0)
 .init0         0x00000000000000e4        0x0 /usr/lib/gcc/avr/4.7.0/../../../avr/lib/avr6/crtm2560.o
                0x00000000000000e4                __init
 *(.init0)
 *(.init1)
 *(.init1)
 *(.init2)
 .init2         0x00000000000000e4       0x10 /usr/lib/gcc/avr/4.7.0/../../../avr/lib/avr6/crtm2560.o
 *(.init2)
 *(.init3)
 *(.init3)
 *(.init4)
 .init4         0x00000000000000f4       0x1a /usr/lib/gcc/avr/4.7.0/avr6/libgcc.a(_copy_data.o)
                0x00000000000000f4                __do_copy_data
 .init4         0x000000000000010e       0x10 /usr/lib/gcc/avr/4.7.0/avr6/libgcc.a(_clear_bss.o)
                0x000000000000010e                __do_clear_bss
 *(.init4)
 *(.init5)
 *(.init5)
 *(.init6)
 *(.init6)
 *(.init7)
 *(.init7)
 *(.init8)
 *(.init8)
 *(.init9)
 .init9         0x000000000000011e        0x8 /usr/lib/gcc/avr/4.7.0/../../../avr/lib/avr6/crtm2560.o
 *(.init9)
 *(.text)
 .text          0x0000000000000126        0x4 /usr/lib/gcc/avr/4.7.0/../../../avr/lib/avr6/crtm2560.o
                0x0000000000000126                __vector_38
                0x0000000000000126                __vector_22
                0x0000000000000126                __vector_28
                0x0000000000000126                __vector_1
                0x0000000000000126                __vector_32
                0x0000000000000126                __vector_34
                0x0000000000000126                __vector_24
                0x0000000000000126                __vector_12
                0x0000000000000126                __vector_55
                0x0000000000000126                __vector_46
                0x0000000000000126                __bad_interrupt
                0x0000000000000126                __vector_6
                0x0000000000000126                __vector_31
                0x0000000000000126                __vector_35
                0x0000000000000126                __vector_39
                0x0000000000000126                __vector_3
                0x0000000000000126                __vector_30
                0x0000000000000126                __vector_45
                0x0000000000000126                __vector_54
                0x0000000000000126                __vector_17
                0x0000000000000126                __vector_19
                0x0000000000000126                __vector_56
                0x0000000000000126                __vector_7
                0x0000000000000126                __vector_49
                0x0000000000000126                __vector_41
                0x0000000000000126                __vector_43
                0x0000000000000126                __vector_5
                0x0000000000000126                __vector_33
                0x0000000000000126                __vector_47
                0x0000000000000126                __vector_52
                0x0000000000000126                __vector_37
                0x0000000000000126                __vector_4
                0x0000000000000126                __vector_44
                0x0000000000000126                __vector_51
                0x0000000000000126                __vector_9
                0x0000000000000126                __vector_2
                0x0000000000000126                __vector_21
                0x0000000000000126                __vector_15
                0x0000000000000126                __vector_36
                0x0000000000000126                __vector_29
                0x0000000000000126                __vector_40
                0x0000000000000126                __vector_8
                0x0000000000000126                __vector_26
                0x0000000000000126                __vector_48
                0x0000000000000126                __vector_14
                0x0000000000000126                __vector_53
                0x0000000000000126                __vector_10
                0x0000000000000126                __vector_50
                0x0000000000000126                __vector_16
                0x0000000000000126                __vector_18
                0x0000000000000126                __vector_20
                0x0000000000000126                __vector_42
 .text          0x000000000000012a        0x0 ./dev/src/servo/servo.o
 .text          0x000000000000012a        0x0 ./dev/src/quad/main.o
 .text          0x000000000000012a        0x0 ./dev/src/motor/motor.o
 .text          0x000000000000012a        0x0 ./dev/src/hal/accelerometer.o
 .text          0x000000000000012a        0x0 ./dev/src/hal/gyro.o
 .text          0x000000000000012a        0x0 ./dev/src/hal/i2c.o
 .text          0x000000000000012a        0x0 ./dev/src/hal/input.o
 .text          0x000000000000012a        0x0 ./dev/src/hal/kalman.o
 .text          0x000000000000012a        0x0 ./dev/src/hal/pwm.o
 .text          0x000000000000012a        0x0 ./dev/src/hal/servo.o
 .text          0x000000000000012a        0x0 ./dev/src/hal/time.o
 .text          0x000000000000012a        0x0 ./dev/src/hal/timer.o
 .text          0x000000000000012a        0x0 ./dev/src/hal/uart.o
 .text          0x000000000000012a        0x0 ./dev/src/hal/wiring.o
 .text          0x000000000000012a        0x0 /usr/lib/gcc/avr/4.7.0/avr6/libgcc.a(_udivmodhi4.o)
 .text          0x000000000000012a        0x0 /usr/lib/gcc/avr/4.7.0/avr6/libgcc.a(_exit.o)
 .text          0x000000000000012a        0x0 /usr/lib/gcc/avr/4.7.0/avr6/libgcc.a(_copy_data.o)
 .text          0x000000000000012a        0x0 /usr/lib/gcc/avr/4.7.0/avr6/libgcc.a(_clear_bss.o)
 .text          0x000000000000012a      0x35c /usr/lib/gcc/avr/4.7.0/avr6/libgcc.a(_addsub_sf.o)
                0x00000000000003ce                __addsf3
                0x0000000000000426                __subsf3
 .text          0x0000000000000486      0x1ca /usr/lib/gcc/avr/4.7.0/avr6/libgcc.a(_mul_sf.o)
                0x0000000000000486                __mulsf3
 .text          0x0000000000000650      0x146 /usr/lib/gcc/avr/4.7.0/avr6/libgcc.a(_div_sf.o)
                0x0000000000000650                __divsf3
 .text          0x0000000000000796        0x0 /usr/lib/gcc/avr/4.7.0/avr6/libgcc.a(_thenan_sf.o)
 .text          0x0000000000000796        0x0 /usr/lib/gcc/avr/4.7.0/avr6/libgcc.a(_prologue.o)
 .text          0x0000000000000796        0x0 /usr/lib/gcc/avr/4.7.0/avr6/libgcc.a(_epilogue.o)
 .text          0x0000000000000796      0x182 /usr/lib/gcc/avr/4.7.0/avr6/libgcc.a(_pack_sf.o)
                0x0000000000000796                __pack_f
 .text          0x0000000000000918       0xde /usr/lib/gcc/avr/4.7.0/avr6/libgcc.a(_unpack_sf.o)
                0x0000000000000918                __unpack_f
 .text          0x00000000000009f6        0x0 /usr/lib/gcc/avr/4.7.0/../../../avr/lib/avr6/libc.a(itoa.o)
 .text          0x00000000000009f6        0x0 /usr/lib/gcc/avr/4.7.0/../../../avr/lib/avr6/libc.a(strrev.o)
                0x00000000000009f6                . = ALIGN (0x2)
 *(.text.*)
 .text.init_servo
                0x00000000000009f6       0x12 ./dev/src/servo/servo.o
                0x00000000000009f6                init_servo
 .text.set_servo_pos
                0x0000000000000a08        0x6 ./dev/src/servo/servo.o
                0x0000000000000a08                set_servo_pos
 .text.startup.main
                0x0000000000000a0e       0x7c ./dev/src/quad/main.o
                0x0000000000000a0e                main
 .text.init_motor
                0x0000000000000a8a       0x52 ./dev/src/motor/motor.o
                0x0000000000000a8a                init_motor
 .text.set_throtle
                0x0000000000000adc       0x2c ./dev/src/motor/motor.o
                0x0000000000000adc                set_throtle
 .text.disable_motor
                0x0000000000000b08       0x1a ./dev/src/motor/motor.o
                0x0000000000000b08                disable_motor
 .text.init_accelerometer
                0x0000000000000b22       0x86 ./dev/src/hal/accelerometer.o
                0x0000000000000b22                init_accelerometer
 .text.ACC_Common
                0x0000000000000ba8      0x17c ./dev/src/hal/accelerometer.o
                0x0000000000000ba8                ACC_Common
 .text.accelerometer_get_data
                0x0000000000000d24       0xbc ./dev/src/hal/accelerometer.o
                0x0000000000000d24                accelerometer_get_data
 .text.init_gyro
                0x0000000000000de0       0x5c ./dev/src/hal/gyro.o
                0x0000000000000de0                init_gyro
 .text.gyro_get_temp
                0x0000000000000e3c       0x52 ./dev/src/hal/gyro.o
                0x0000000000000e3c                gyro_get_temp
 .text.GYRO_Common
                0x0000000000000e8e      0x13c ./dev/src/hal/gyro.o
                0x0000000000000e8e                GYRO_Common
 .text.gyro_get_data
                0x0000000000000fca       0xc8 ./dev/src/hal/gyro.o
                0x0000000000000fca                gyro_get_data
 .text.constrain
                0x0000000000001092       0x14 ./dev/src/hal/gyro.o
                0x0000000000001092                constrain
 .text.i2c_init
                0x00000000000010a6       0x16 ./dev/src/hal/i2c.o
                0x00000000000010a6                i2c_init
 .text.i2c_stop
                0x00000000000010bc        0x8 ./dev/src/hal/i2c.o
                0x00000000000010bc                i2c_stop
 .text.waitTransmissionI2C
                0x00000000000010c4       0x2c ./dev/src/hal/i2c.o
                0x00000000000010c4                waitTransmissionI2C
 .text.i2c_read
                0x00000000000010f0       0x28 ./dev/src/hal/i2c.o
                0x00000000000010f0                i2c_read
 .text.i2c_readNak
                0x0000000000001118        0x6 ./dev/src/hal/i2c.o
                0x0000000000001118                i2c_readNak
 .text.i2c_write
                0x000000000000111e        0xe ./dev/src/hal/i2c.o
                0x000000000000111e                i2c_write
 .text.i2c_rep_start
                0x000000000000112c       0x38 ./dev/src/hal/i2c.o
                0x000000000000112c                i2c_rep_start
 .text.i2c_readAck
                0x0000000000001164       0x10 ./dev/src/hal/i2c.o
                0x0000000000001164                i2c_readAck
 .text.i2c_read_to_buf
                0x0000000000001174       0x6e ./dev/src/hal/i2c.o
                0x0000000000001174                i2c_read_to_buf
 .text.i2c_read_reg_to_buf
                0x00000000000011e2       0x44 ./dev/src/hal/i2c.o
                0x00000000000011e2                i2c_read_reg_to_buf
 .text.swap_endianness
                0x0000000000001226       0x1e ./dev/src/hal/i2c.o
                0x0000000000001226                swap_endianness
 .text.i2c_getSixRawADC
                0x0000000000001244        0xc ./dev/src/hal/i2c.o
                0x0000000000001244                i2c_getSixRawADC
 .text.i2c_writeReg
                0x0000000000001250       0x36 ./dev/src/hal/i2c.o
                0x0000000000001250                i2c_writeReg
 .text.i2c_readReg
                0x0000000000001286       0x22 ./dev/src/hal/i2c.o
                0x0000000000001286                i2c_readReg
 .text.init_input
                0x00000000000012a8       0x1c ./dev/src/hal/input.o
                0x00000000000012a8                init_input
 .text.get_interrupt_pin_status
                0x00000000000012c4       0x18 ./dev/src/hal/input.o
                0x00000000000012c4                get_interrupt_pin_status
 .text.__vector_11
                0x00000000000012dc      0x122 ./dev/src/hal/input.o
                0x00000000000012dc                __vector_11
 .text.set_monitored_pin
                0x00000000000013fe        0xa ./dev/src/hal/input.o
                0x00000000000013fe                set_monitored_pin
 .text.stateUpdate
                0x0000000000001408      0x18c ./dev/src/hal/kalman.o
                0x0000000000001408                stateUpdate
 .text.kalmanUpdate
                0x0000000000001594      0x230 ./dev/src/hal/kalman.o
                0x0000000000001594                kalmanUpdate
 .text.init_pwm
                0x00000000000017c4       0xb2 ./dev/src/hal/pwm.o
                0x00000000000017c4                init_pwm
 .text.set_pwm  0x0000000000001876       0xe2 ./dev/src/hal/pwm.o
                0x0000000000001876                set_pwm
 .text.enable_pwm
                0x0000000000001958        0x4 ./dev/src/hal/pwm.o
                0x0000000000001958                enable_pwm
 .text.servoInit
                0x000000000000195c       0x3a ./dev/src/hal/servo.o
                0x000000000000195c                servoInit
 .text.setServo
                0x0000000000001996       0x24 ./dev/src/hal/servo.o
                0x0000000000001996                setServo
 .text.init_timer
                0x00000000000019ba        0xc ./dev/src/hal/time.o
                0x00000000000019ba                init_timer
 .text.read_timer
                0x00000000000019c6        0xc ./dev/src/hal/time.o
                0x00000000000019c6                read_timer
 .text.timerInit
                0x00000000000019d2       0x24 ./dev/src/hal/timer.o
                0x00000000000019d2                timerInit
 .text.__vector_13
                0x00000000000019f6       0x4a ./dev/src/hal/timer.o
                0x00000000000019f6                __vector_13
 .text.getMsTimer
                0x0000000000001a40       0x22 ./dev/src/hal/timer.o
                0x0000000000001a40                getMsTimer
 .text.uartInit
                0x0000000000001a62       0x16 ./dev/src/hal/uart.o
                0x0000000000001a62                uartInit
 .text.uart_putc
                0x0000000000001a78       0x12 ./dev/src/hal/uart.o
                0x0000000000001a78                uart_putc
 .text.uart_puts
                0x0000000000001a8a       0x18 ./dev/src/hal/uart.o
                0x0000000000001a8a                uart_puts
 .text.uart_puts_pgm
                0x0000000000001aa2       0x22 ./dev/src/hal/uart.o
                0x0000000000001aa2                uart_puts_pgm
 .text.uart_puti
                0x0000000000001ac4       0x3c ./dev/src/hal/uart.o
                0x0000000000001ac4                uart_puti
 .text.uart_getc
                0x0000000000001b00        0xe ./dev/src/hal/uart.o
                0x0000000000001b00                uart_getc
 .text.__vector_25
                0x0000000000001b0e       0x20 ./dev/src/hal/uart.o
                0x0000000000001b0e                __vector_25
 .text.__vector_27
                0x0000000000001b2e       0x56 ./dev/src/hal/uart.o
                0x0000000000001b2e                __vector_27
 .text.__vector_23
                0x0000000000001b84       0x94 ./dev/src/hal/wiring.o
                0x0000000000001b84                __vector_23
 .text.millis   0x0000000000001c18       0x24 ./dev/src/hal/wiring.o
                0x0000000000001c18                millis
 .text.micros   0x0000000000001c3c       0x5e ./dev/src/hal/wiring.o
                0x0000000000001c3c                micros
 .text.delay    0x0000000000001c9a       0x44 ./dev/src/hal/wiring.o
                0x0000000000001c9a                delay
 .text.delayMicroseconds
                0x0000000000001cde       0x1a ./dev/src/hal/wiring.o
                0x0000000000001cde                delayMicroseconds
 .text.init     0x0000000000001cf8       0x74 ./dev/src/hal/wiring.o
                0x0000000000001cf8                init
 .text.libgcc.mul
                0x0000000000001d6c        0x0 /usr/lib/gcc/avr/4.7.0/avr6/libgcc.a(_udivmodhi4.o)
 .text.libgcc.div
                0x0000000000001d6c       0x28 /usr/lib/gcc/avr/4.7.0/avr6/libgcc.a(_udivmodhi4.o)
                0x0000000000001d6c                __udivmodhi4
 .text.libgcc   0x0000000000001d94        0x0 /usr/lib/gcc/avr/4.7.0/avr6/libgcc.a(_udivmodhi4.o)
 .text.libgcc.prologue
                0x0000000000001d94        0x0 /usr/lib/gcc/avr/4.7.0/avr6/libgcc.a(_udivmodhi4.o)
 .text.libgcc.builtins
                0x0000000000001d94        0x0 /usr/lib/gcc/avr/4.7.0/avr6/libgcc.a(_udivmodhi4.o)
 .text.libgcc.fmul
                0x0000000000001d94        0x0 /usr/lib/gcc/avr/4.7.0/avr6/libgcc.a(_udivmodhi4.o)
 .text.libgcc.mul
                0x0000000000001d94        0x0 /usr/lib/gcc/avr/4.7.0/avr6/libgcc.a(_exit.o)
 .text.libgcc.div
                0x0000000000001d94        0x0 /usr/lib/gcc/avr/4.7.0/avr6/libgcc.a(_exit.o)
 .text.libgcc   0x0000000000001d94        0x0 /usr/lib/gcc/avr/4.7.0/avr6/libgcc.a(_exit.o)
 .text.libgcc.prologue
                0x0000000000001d94        0x0 /usr/lib/gcc/avr/4.7.0/avr6/libgcc.a(_exit.o)
 .text.libgcc.builtins
                0x0000000000001d94        0x0 /usr/lib/gcc/avr/4.7.0/avr6/libgcc.a(_exit.o)
 .text.libgcc.fmul
                0x0000000000001d94        0x0 /usr/lib/gcc/avr/4.7.0/avr6/libgcc.a(_exit.o)
 .text.libgcc.mul
                0x0000000000001d94        0x0 /usr/lib/gcc/avr/4.7.0/avr6/libgcc.a(_copy_data.o)
 .text.libgcc.div
                0x0000000000001d94        0x0 /usr/lib/gcc/avr/4.7.0/avr6/libgcc.a(_copy_data.o)
 .text.libgcc   0x0000000000001d94        0x0 /usr/lib/gcc/avr/4.7.0/avr6/libgcc.a(_copy_data.o)
 .text.libgcc.prologue
                0x0000000000001d94        0x0 /usr/lib/gcc/avr/4.7.0/avr6/libgcc.a(_copy_data.o)
 .text.libgcc.builtins
                0x0000000000001d94        0x0 /usr/lib/gcc/avr/4.7.0/avr6/libgcc.a(_copy_data.o)
 .text.libgcc.fmul
                0x0000000000001d94        0x0 /usr/lib/gcc/avr/4.7.0/avr6/libgcc.a(_copy_data.o)
 .text.libgcc.mul
                0x0000000000001d94        0x0 /usr/lib/gcc/avr/4.7.0/avr6/libgcc.a(_clear_bss.o)
 .text.libgcc.div
                0x0000000000001d94        0x0 /usr/lib/gcc/avr/4.7.0/avr6/libgcc.a(_clear_bss.o)
 .text.libgcc   0x0000000000001d94        0x0 /usr/lib/gcc/avr/4.7.0/avr6/libgcc.a(_clear_bss.o)
 .text.libgcc.prologue
                0x0000000000001d94        0x0 /usr/lib/gcc/avr/4.7.0/avr6/libgcc.a(_clear_bss.o)
 .text.libgcc.builtins
                0x0000000000001d94        0x0 /usr/lib/gcc/avr/4.7.0/avr6/libgcc.a(_clear_bss.o)
 .text.libgcc.fmul
                0x0000000000001d94        0x0 /usr/lib/gcc/avr/4.7.0/avr6/libgcc.a(_clear_bss.o)
 .text.libgcc.mul
                0x0000000000001d94        0x0 /usr/lib/gcc/avr/4.7.0/avr6/libgcc.a(_prologue.o)
 .text.libgcc.div
                0x0000000000001d94        0x0 /usr/lib/gcc/avr/4.7.0/avr6/libgcc.a(_prologue.o)
 .text.libgcc   0x0000000000001d94        0x0 /usr/lib/gcc/avr/4.7.0/avr6/libgcc.a(_prologue.o)
 .text.libgcc.prologue
                0x0000000000001d94       0x38 /usr/lib/gcc/avr/4.7.0/avr6/libgcc.a(_prologue.o)
                0x0000000000001d94                __prologue_saves__
 .text.libgcc.builtins
                0x0000000000001dcc        0x0 /usr/lib/gcc/avr/4.7.0/avr6/libgcc.a(_prologue.o)
 .text.libgcc.fmul
                0x0000000000001dcc        0x0 /usr/lib/gcc/avr/4.7.0/avr6/libgcc.a(_prologue.o)
 .text.libgcc.mul
                0x0000000000001dcc        0x0 /usr/lib/gcc/avr/4.7.0/avr6/libgcc.a(_epilogue.o)
 .text.libgcc.div
                0x0000000000001dcc        0x0 /usr/lib/gcc/avr/4.7.0/avr6/libgcc.a(_epilogue.o)
 .text.libgcc   0x0000000000001dcc        0x0 /usr/lib/gcc/avr/4.7.0/avr6/libgcc.a(_epilogue.o)
 .text.libgcc.prologue
                0x0000000000001dcc       0x36 /usr/lib/gcc/avr/4.7.0/avr6/libgcc.a(_epilogue.o)
                0x0000000000001dcc                __epilogue_restores__
 .text.libgcc.builtins
                0x0000000000001e02        0x0 /usr/lib/gcc/avr/4.7.0/avr6/libgcc.a(_epilogue.o)
 .text.libgcc.fmul
                0x0000000000001e02        0x0 /usr/lib/gcc/avr/4.7.0/avr6/libgcc.a(_epilogue.o)
 .text.avr-libc
                0x0000000000001e02       0x42 /usr/lib/gcc/avr/4.7.0/../../../avr/lib/avr6/libc.a(itoa.o)
                0x0000000000001e02                itoa
 .text.avr-libc
                0x0000000000001e44       0x20 /usr/lib/gcc/avr/4.7.0/../../../avr/lib/avr6/libc.a(strrev.o)
                0x0000000000001e44                strrev
                0x0000000000001e64                . = ALIGN (0x2)
 *(.fini9)
 .fini9         0x0000000000001e64        0x0 /usr/lib/gcc/avr/4.7.0/avr6/libgcc.a(_exit.o)
                0x0000000000001e64                exit
                0x0000000000001e64                _exit
 *(.fini9)
 *(.fini8)
 *(.fini8)
 *(.fini7)
 *(.fini7)
 *(.fini6)
 *(.fini6)
 *(.fini5)
 *(.fini5)
 *(.fini4)
 *(.fini4)
 *(.fini3)
 *(.fini3)
 *(.fini2)
 *(.fini2)
 *(.fini1)
 *(.fini1)
 *(.fini0)
 .fini0         0x0000000000001e64        0x4 /usr/lib/gcc/avr/4.7.0/avr6/libgcc.a(_exit.o)
 *(.fini0)
                0x0000000000001e68                _etext = .

.data           0x0000000000800200       0x52 load address 0x0000000000001e68
                0x0000000000800200                PROVIDE (__data_start, .)
 *(.data)
 .data          0x0000000000800200        0x0 /usr/lib/gcc/avr/4.7.0/../../../avr/lib/avr6/crtm2560.o
 .data          0x0000000000800200        0x0 ./dev/src/servo/servo.o
 .data          0x0000000000800200        0x0 ./dev/src/quad/main.o
 .data          0x0000000000800200        0x0 ./dev/src/motor/motor.o
 .data          0x0000000000800200        0x0 ./dev/src/hal/accelerometer.o
 .data          0x0000000000800200        0x0 ./dev/src/hal/gyro.o
 .data          0x0000000000800200        0x0 ./dev/src/hal/i2c.o
 .data          0x0000000000800200        0x0 ./dev/src/hal/input.o
 .data          0x0000000000800200        0x0 ./dev/src/hal/kalman.o
 .data          0x0000000000800200        0x0 ./dev/src/hal/pwm.o
 .data          0x0000000000800200        0x0 ./dev/src/hal/servo.o
 .data          0x0000000000800200        0x0 ./dev/src/hal/time.o
 .data          0x0000000000800200        0x0 ./dev/src/hal/timer.o
 .data          0x0000000000800200        0x0 ./dev/src/hal/uart.o
 .data          0x0000000000800200        0x0 ./dev/src/hal/wiring.o
 .data          0x0000000000800200        0x0 /usr/lib/gcc/avr/4.7.0/avr6/libgcc.a(_udivmodhi4.o)
 .data          0x0000000000800200        0x0 /usr/lib/gcc/avr/4.7.0/avr6/libgcc.a(_exit.o)
 .data          0x0000000000800200        0x0 /usr/lib/gcc/avr/4.7.0/avr6/libgcc.a(_copy_data.o)
 .data          0x0000000000800200        0x0 /usr/lib/gcc/avr/4.7.0/avr6/libgcc.a(_clear_bss.o)
 .data          0x0000000000800200        0x0 /usr/lib/gcc/avr/4.7.0/avr6/libgcc.a(_addsub_sf.o)
 .data          0x0000000000800200        0x0 /usr/lib/gcc/avr/4.7.0/avr6/libgcc.a(_mul_sf.o)
 .data          0x0000000000800200        0x0 /usr/lib/gcc/avr/4.7.0/avr6/libgcc.a(_div_sf.o)
 .data          0x0000000000800200        0x0 /usr/lib/gcc/avr/4.7.0/avr6/libgcc.a(_thenan_sf.o)
 .data          0x0000000000800200        0x0 /usr/lib/gcc/avr/4.7.0/avr6/libgcc.a(_prologue.o)
 .data          0x0000000000800200        0x0 /usr/lib/gcc/avr/4.7.0/avr6/libgcc.a(_epilogue.o)
 .data          0x0000000000800200        0x0 /usr/lib/gcc/avr/4.7.0/avr6/libgcc.a(_pack_sf.o)
 .data          0x0000000000800200        0x0 /usr/lib/gcc/avr/4.7.0/avr6/libgcc.a(_unpack_sf.o)
 .data          0x0000000000800200        0x0 /usr/lib/gcc/avr/4.7.0/../../../avr/lib/avr6/libc.a(itoa.o)
 .data          0x0000000000800200        0x0 /usr/lib/gcc/avr/4.7.0/../../../avr/lib/avr6/libc.a(strrev.o)
 *(.data*)
 .data.value    0x0000000000800200        0x2 ./dev/src/quad/main.o
                0x0000000000800200                value
 .data.buffer   0x0000000000800202       0x28 ./dev/src/quad/main.o
                0x0000000000800202                buffer
 .data.P        0x000000000080022a       0x10 ./dev/src/hal/kalman.o
 *(.rodata)
 .rodata        0x000000000080023a        0x8 /usr/lib/gcc/avr/4.7.0/avr6/libgcc.a(_thenan_sf.o)
                0x000000000080023a                __thenan_sf
 *(.rodata*)
 .rodata.str1.1
                0x0000000000800242        0xf ./dev/src/hal/uart.o
 *(.gnu.linkonce.d*)
                0x0000000000800252                . = ALIGN (0x2)
 *fill*         0x0000000000800251        0x1 00
                0x0000000000800252                _edata = .
                0x0000000000800252                PROVIDE (__data_end, .)

.bss            0x0000000000800252      0x137
                0x0000000000800252                PROVIDE (__bss_start, .)
 *(.bss)
 .bss           0x0000000000800252        0x0 /usr/lib/gcc/avr/4.7.0/../../../avr/lib/avr6/crtm2560.o
 .bss           0x0000000000800252        0x0 ./dev/src/servo/servo.o
 .bss           0x0000000000800252        0x0 ./dev/src/quad/main.o
 .bss           0x0000000000800252        0x0 ./dev/src/motor/motor.o
 .bss           0x0000000000800252        0x0 ./dev/src/hal/accelerometer.o
 .bss           0x0000000000800252        0x0 ./dev/src/hal/gyro.o
 .bss           0x0000000000800252        0x0 ./dev/src/hal/i2c.o
 .bss           0x0000000000800252        0x0 ./dev/src/hal/input.o
 .bss           0x0000000000800252        0x0 ./dev/src/hal/kalman.o
 .bss           0x0000000000800252        0x0 ./dev/src/hal/pwm.o
 .bss           0x0000000000800252        0x0 ./dev/src/hal/servo.o
 .bss           0x0000000000800252        0x0 ./dev/src/hal/time.o
 .bss           0x0000000000800252        0x0 ./dev/src/hal/timer.o
 .bss           0x0000000000800252        0x0 ./dev/src/hal/uart.o
 .bss           0x0000000000800252        0x0 ./dev/src/hal/wiring.o
 .bss           0x0000000000800252        0x0 /usr/lib/gcc/avr/4.7.0/avr6/libgcc.a(_udivmodhi4.o)
 .bss           0x0000000000800252        0x0 /usr/lib/gcc/avr/4.7.0/avr6/libgcc.a(_exit.o)
 .bss           0x0000000000800252        0x0 /usr/lib/gcc/avr/4.7.0/avr6/libgcc.a(_copy_data.o)
 .bss           0x0000000000800252        0x0 /usr/lib/gcc/avr/4.7.0/avr6/libgcc.a(_clear_bss.o)
 .bss           0x0000000000800252        0x0 /usr/lib/gcc/avr/4.7.0/avr6/libgcc.a(_addsub_sf.o)
 .bss           0x0000000000800252        0x0 /usr/lib/gcc/avr/4.7.0/avr6/libgcc.a(_mul_sf.o)
 .bss           0x0000000000800252        0x0 /usr/lib/gcc/avr/4.7.0/avr6/libgcc.a(_div_sf.o)
 .bss           0x0000000000800252        0x0 /usr/lib/gcc/avr/4.7.0/avr6/libgcc.a(_thenan_sf.o)
 .bss           0x0000000000800252        0x0 /usr/lib/gcc/avr/4.7.0/avr6/libgcc.a(_prologue.o)
 .bss           0x0000000000800252        0x0 /usr/lib/gcc/avr/4.7.0/avr6/libgcc.a(_epilogue.o)
 .bss           0x0000000000800252        0x0 /usr/lib/gcc/avr/4.7.0/avr6/libgcc.a(_pack_sf.o)
 .bss           0x0000000000800252        0x0 /usr/lib/gcc/avr/4.7.0/avr6/libgcc.a(_unpack_sf.o)
 .bss           0x0000000000800252        0x0 /usr/lib/gcc/avr/4.7.0/../../../avr/lib/avr6/libc.a(itoa.o)
 .bss           0x0000000000800252        0x0 /usr/lib/gcc/avr/4.7.0/../../../avr/lib/avr6/libc.a(strrev.o)
 *(.bss*)
 .bss.errorAltitudeI
                0x0000000000800252        0x2 ./dev/src/hal/accelerometer.o
                0x0000000000800252                errorAltitudeI
 .bss.BaroPID   0x0000000000800254        0x2 ./dev/src/hal/accelerometer.o
                0x0000000000800254                BaroPID
 .bss.cycleTime
                0x0000000000800256        0x2 ./dev/src/hal/accelerometer.o
                0x0000000000800256                cycleTime
 .bss.a.1792    0x0000000000800258        0xc ./dev/src/hal/accelerometer.o
 .bss.g.1793    0x0000000000800264        0xc ./dev/src/hal/gyro.o
 .bss.previousGyroADC.1792
                0x0000000000800270        0x6 ./dev/src/hal/gyro.o
 .bss.i2c_errors_count
                0x0000000000800276        0x2 ./dev/src/hal/i2c.o
                0x0000000000800276                i2c_errors_count
 .bss.started   0x0000000000800278        0x1 ./dev/src/hal/input.o
                0x0000000000800278                started
 .bss.receiver_mask
                0x0000000000800279        0x1 ./dev/src/hal/input.o
                0x0000000000800279                receiver_mask
 .bss.pin_pos   0x000000000080027a        0x1 ./dev/src/hal/input.o
                0x000000000080027a                pin_pos
 .bss.positive  0x000000000080027b       0x10 ./dev/src/hal/input.o
                0x000000000080027b                positive
 .bss.end_pos   0x000000000080028b       0x10 ./dev/src/hal/input.o
                0x000000000080028b                end_pos
 .bss.start_pos
                0x000000000080029b       0x10 ./dev/src/hal/input.o
                0x000000000080029b                start_pos
 .bss.delta     0x00000000008002ab        0x2 ./dev/src/hal/input.o
                0x00000000008002ab                delta
 .bss.last_input_state.1412
                0x00000000008002ad        0x1 ./dev/src/hal/input.o
 .bss.input_uart
                0x00000000008002ae        0x1 ./dev/src/hal/uart.o
                0x00000000008002ae                input_uart
 .bss.timer0_millis
                0x00000000008002af        0x4 ./dev/src/hal/wiring.o
                0x00000000008002af                timer0_millis
 .bss.timer0_overflow_count
                0x00000000008002b3        0x4 ./dev/src/hal/wiring.o
                0x00000000008002b3                timer0_overflow_count
 .bss.timer0_fract
                0x00000000008002b7        0x1 ./dev/src/hal/wiring.o
 *(COMMON)
 COMMON         0x00000000008002b8       0xaf ./dev/src/hal/accelerometer.o
                0x00000000008002b8                calibratingA
                0x00000000008002ba                conf
                0x0000000000800321                sonarAlt
                0x0000000000800323                imu
                0x0000000000800343                magHold
                0x0000000000800345                rawADC
                0x000000000080034b                AltHold
                0x000000000080034f                previousTime
                0x0000000000800351                headFreeModeHold
                0x0000000000800353                global_conf
                0x0000000000800363                currentTime
 COMMON         0x0000000000800367       0x12 ./dev/src/hal/gyro.o
                0x0000000000800367                gyroZero
                0x000000000080036f                calibratingG
                0x0000000000800371                Gyro_Accum
                0x0000000000800377                calibratingB
 COMMON         0x0000000000800379        0xc ./dev/src/hal/kalman.o
                0x0000000000800379                rate
                0x000000000080037d                q_bias
                0x0000000000800381                angle
 COMMON         0x0000000000800385        0x4 ./dev/src/hal/timer.o
                0x0000000000800385                ms_timer
                0x0000000000800389                PROVIDE (__bss_end, .)
                0x0000000000001e68                __data_load_start = LOADADDR (.data)
                0x0000000000001eba                __data_load_end = (__data_load_start + SIZEOF (.data))

.noinit         0x0000000000800389        0x0
                0x0000000000800389                PROVIDE (__noinit_start, .)
 *(.noinit*)
                0x0000000000800389                PROVIDE (__noinit_end, .)
                0x0000000000800389                _end = .
                0x0000000000800389                PROVIDE (__heap_start, .)

.eeprom         0x0000000000810000        0x0
 *(.eeprom*)
                0x0000000000810000                __eeprom_end = .

.fuse
 *(.fuse)
 *(.lfuse)
 *(.hfuse)
 *(.efuse)

.lock
 *(.lock*)

.signature
 *(.signature*)

.stab           0x0000000000000000      0x96c
 *(.stab)
 .stab          0x0000000000000000      0x6e4 /usr/lib/gcc/avr/4.7.0/../../../avr/lib/avr6/crtm2560.o
 .stab          0x00000000000006e4      0x1b0 /usr/lib/gcc/avr/4.7.0/../../../avr/lib/avr6/libc.a(itoa.o)
                                        0x1bc (size before relaxing)
 .stab          0x0000000000000894       0xd8 /usr/lib/gcc/avr/4.7.0/../../../avr/lib/avr6/libc.a(strrev.o)
                                         0xe4 (size before relaxing)

.stabstr        0x0000000000000000       0xb4
 *(.stabstr)
 .stabstr       0x0000000000000000       0xb4 /usr/lib/gcc/avr/4.7.0/../../../avr/lib/avr6/crtm2560.o

.stab.excl
 *(.stab.excl)

.stab.exclstr
 *(.stab.exclstr)

.stab.index
 *(.stab.index)

.stab.indexstr
 *(.stab.indexstr)

.comment        0x0000000000000000       0x11
 *(.comment)
 .comment       0x0000000000000000       0x11 ./dev/src/servo/servo.o
                                         0x12 (size before relaxing)
 .comment       0x0000000000000000       0x12 ./dev/src/quad/main.o
 .comment       0x0000000000000000       0x12 ./dev/src/motor/motor.o
 .comment       0x0000000000000000       0x12 ./dev/src/hal/accelerometer.o
 .comment       0x0000000000000000       0x12 ./dev/src/hal/gyro.o
 .comment       0x0000000000000000       0x12 ./dev/src/hal/i2c.o
 .comment       0x0000000000000000       0x12 ./dev/src/hal/input.o
 .comment       0x0000000000000000       0x12 ./dev/src/hal/kalman.o
 .comment       0x0000000000000000       0x12 ./dev/src/hal/pwm.o
 .comment       0x0000000000000000       0x12 ./dev/src/hal/servo.o
 .comment       0x0000000000000000       0x12 ./dev/src/hal/time.o
 .comment       0x0000000000000000       0x12 ./dev/src/hal/timer.o
 .comment       0x0000000000000000       0x12 ./dev/src/hal/uart.o
 .comment       0x0000000000000000       0x12 ./dev/src/hal/wiring.o
 .comment       0x0000000000000000       0x12 /usr/lib/gcc/avr/4.7.0/avr6/libgcc.a(_addsub_sf.o)
 .comment       0x0000000000000000       0x12 /usr/lib/gcc/avr/4.7.0/avr6/libgcc.a(_mul_sf.o)
 .comment       0x0000000000000000       0x12 /usr/lib/gcc/avr/4.7.0/avr6/libgcc.a(_div_sf.o)
 .comment       0x0000000000000000       0x12 /usr/lib/gcc/avr/4.7.0/avr6/libgcc.a(_thenan_sf.o)
 .comment       0x0000000000000000       0x12 /usr/lib/gcc/avr/4.7.0/avr6/libgcc.a(_pack_sf.o)
 .comment       0x0000000000000000       0x12 /usr/lib/gcc/avr/4.7.0/avr6/libgcc.a(_unpack_sf.o)

.debug
 *(.debug)

.line
 *(.line)

.debug_srcinfo
 *(.debug_srcinfo)

.debug_sfnames
 *(.debug_sfnames)

.debug_aranges
 *(.debug_aranges)

.debug_pubnames
 *(.debug_pubnames)

.debug_info
 *(.debug_info)
 *(.gnu.linkonce.wi.*)

.debug_abbrev
 *(.debug_abbrev)

.debug_line
 *(.debug_line)

.debug_frame
 *(.debug_frame)

.debug_str
 *(.debug_str)

.debug_loc
 *(.debug_loc)

.debug_macinfo
 *(.debug_macinfo)
OUTPUT(quadcopter.elf elf32-avr)
LOAD linker stubs
